<html>
<body>
<pre>
<h1>µVision Build Log</h1>
<h2>Tool Versions:</h2>
IDE-Version: ¦ÌVision V5.41.0.0
Copyright (C) 2024 ARM Ltd and ARM Germany GmbH. All rights reserved.
License Information: 1 kay, 1, LIC=D0D7S-LCYKQ-45BT5-G0HNB-V2YWV-LQL1K
 
Tool Versions:
Toolchain:       MDK-ARM Plus  Version: 5.41.0.0
Toolchain Path:  D:\Tools\IDE\keil\Keil_v5\ARM\ARMCC\Bin
C Compiler:      Armcc.exe V5.06 update 7 (build 960)
Assembler:       Armasm.exe V5.06 update 7 (build 960)
Linker/Locator:  ArmLink.exe V5.06 update 7 (build 960)
Library Manager: ArmAr.exe V5.06 update 7 (build 960)
Hex Converter:   FromElf.exe V5.06 update 7 (build 960)
CPU DLL:         SARMCM3.DLL V5.41.0.0
Dialog DLL:      DARMSTM.DLL V1.69.1.0
Target DLL:      CMSIS_AGDI.dll V1.33.21.0
Dialog DLL:      TARMSTM.DLL V1.67.1.0
 
<h2>Project:</h2>
C:\Users\kay\Desktop\Workspace\STM32\STM32F1x\F103_FreeRTOS_Demo\Project\project.uvprojx
Project File Date:  02/13/2025

<h2>Output:</h2>
*** Using Compiler 'V5.06 update 7 (build 960)', folder: 'D:\Tools\IDE\keil\Keil_v5\ARM\ARMCC\Bin'
Rebuild target 'Target_1'
assembling startup_stm32f10x_md.s...
compiling core_cm3.c...
compiling stm32f10x_exti.c...
compiling croutine.c...
compiling misc.c...
compiling system_stm32f10x.c...
compiling stm32f10x_gpio.c...
compiling stm32f10x_usart.c...
compiling event_groups.c...
compiling stm32f10x_rcc.c...
compiling list.c...
compiling timers.c...
compiling queue.c...
compiling stream_buffer.c...
compiling heap_4.c...
compiling tasks.c...
compiling port.c...
compiling stm32f10x_it.c...
compiling systick.c...
compiling main.c...
linking...
Program Size: Code=3368 RO-data=268 RW-data=124 ZI-data=18636  
FromELF: creating hex file...
".\Objects\project.axf" - 0 Error(s), 0 Warning(s).

<h2>Software Packages used:</h2>

Package Vendor: Keil
                https://www.keil.com/pack/Keil.STM32F1xx_DFP.2.4.1.pack
                Keil::STM32F1xx_DFP@2.4.1
                STMicroelectronics STM32F1 Series Device Support, Drivers and Examples

<h2>Collection of Component include folders:</h2>
  D:/Tools/IDE/keil/Arm/Packs/Keil/STM32F1xx_DFP/2.4.1/Device/Include

<h2>Collection of Component Files used:</h2>
Build Time Elapsed:  00:00:01
</pre>
</body>
</html>
