Component: ARM Compiler 5.06 update 6 (build 750) Tool: armlink [4d35ed]

==============================================================================

Section Cross References

    stm32f1xx_hal_pwr.o(i.HAL_PWR_EnterSTOPMode) refers to stm32f1xx_hal_pwr.o(i.PWR_OverloadWfe) for PWR_OverloadWfe
    stm32f1xx_hal_pwr.o(i.HAL_PWR_PVD_IRQHandler) refers to stm32f1xx_hal_pwr.o(i.HAL_PWR_PVDCallback) for HAL_PWR_PVDCallback
    stm32f1xx_hal_uart.o(i.HAL_HalfDuplex_Init) refers to stm32f1xx_hal_msp.o(i.HAL_UART_MspInit) for HAL_UART_MspInit
    stm32f1xx_hal_uart.o(i.HAL_HalfDuplex_Init) refers to stm32f1xx_hal_uart.o(i.UART_SetConfig) for UART_SetConfig
    stm32f1xx_hal_uart.o(i.HAL_LIN_Init) refers to stm32f1xx_hal_msp.o(i.HAL_UART_MspInit) for HAL_UART_MspInit
    stm32f1xx_hal_uart.o(i.HAL_LIN_Init) refers to stm32f1xx_hal_uart.o(i.UART_SetConfig) for UART_SetConfig
    stm32f1xx_hal_uart.o(i.HAL_MultiProcessor_Init) refers to stm32f1xx_hal_msp.o(i.HAL_UART_MspInit) for HAL_UART_MspInit
    stm32f1xx_hal_uart.o(i.HAL_MultiProcessor_Init) refers to stm32f1xx_hal_uart.o(i.UART_SetConfig) for UART_SetConfig
    stm32f1xx_hal_uart.o(i.HAL_UART_DMAStop) refers to stm32f1xx_hal_dma.o(i.HAL_DMA_Abort) for HAL_DMA_Abort
    stm32f1xx_hal_uart.o(i.HAL_UART_DeInit) refers to stm32f1xx_hal_msp.o(i.HAL_UART_MspDeInit) for HAL_UART_MspDeInit
    stm32f1xx_hal_uart.o(i.HAL_UART_IRQHandler) refers to stm32f1xx_hal_uart.o(i.UART_Receive_IT) for UART_Receive_IT
    stm32f1xx_hal_uart.o(i.HAL_UART_IRQHandler) refers to stm32f1xx_hal_uart.o(i.UART_Transmit_IT) for UART_Transmit_IT
    stm32f1xx_hal_uart.o(i.HAL_UART_IRQHandler) refers to stm32f1xx_hal_uart.o(i.HAL_UART_TxCpltCallback) for HAL_UART_TxCpltCallback
    stm32f1xx_hal_uart.o(i.HAL_UART_IRQHandler) refers to stm32f1xx_hal_uart.o(i.HAL_UART_ErrorCallback) for HAL_UART_ErrorCallback
    stm32f1xx_hal_uart.o(i.HAL_UART_Init) refers to stm32f1xx_hal_msp.o(i.HAL_UART_MspInit) for HAL_UART_MspInit
    stm32f1xx_hal_uart.o(i.HAL_UART_Init) refers to stm32f1xx_hal_uart.o(i.UART_SetConfig) for UART_SetConfig
    stm32f1xx_hal_uart.o(i.HAL_UART_Receive) refers to stm32f1xx_hal_uart.o(i.UART_WaitOnFlagUntilTimeout) for UART_WaitOnFlagUntilTimeout
    stm32f1xx_hal_uart.o(i.HAL_UART_Receive_DMA) refers to stm32f1xx_hal_dma.o(i.HAL_DMA_Start_IT) for HAL_DMA_Start_IT
    stm32f1xx_hal_uart.o(i.HAL_UART_Receive_DMA) refers to stm32f1xx_hal_uart.o(i.UART_DMAReceiveCplt) for UART_DMAReceiveCplt
    stm32f1xx_hal_uart.o(i.HAL_UART_Receive_DMA) refers to stm32f1xx_hal_uart.o(i.UART_DMARxHalfCplt) for UART_DMARxHalfCplt
    stm32f1xx_hal_uart.o(i.HAL_UART_Receive_DMA) refers to stm32f1xx_hal_uart.o(i.UART_DMAError) for UART_DMAError
    stm32f1xx_hal_uart.o(i.HAL_UART_Transmit) refers to stm32f1xx_hal_uart.o(i.UART_WaitOnFlagUntilTimeout) for UART_WaitOnFlagUntilTimeout
    stm32f1xx_hal_uart.o(i.HAL_UART_Transmit_DMA) refers to stm32f1xx_hal_dma.o(i.HAL_DMA_Start_IT) for HAL_DMA_Start_IT
    stm32f1xx_hal_uart.o(i.HAL_UART_Transmit_DMA) refers to stm32f1xx_hal_uart.o(i.UART_DMATransmitCplt) for UART_DMATransmitCplt
    stm32f1xx_hal_uart.o(i.HAL_UART_Transmit_DMA) refers to stm32f1xx_hal_uart.o(i.UART_DMATxHalfCplt) for UART_DMATxHalfCplt
    stm32f1xx_hal_uart.o(i.HAL_UART_Transmit_DMA) refers to stm32f1xx_hal_uart.o(i.UART_DMAError) for UART_DMAError
    stm32f1xx_hal_uart.o(i.UART_DMAError) refers to stm32f1xx_hal_uart.o(i.HAL_UART_ErrorCallback) for HAL_UART_ErrorCallback
    stm32f1xx_hal_uart.o(i.UART_DMAReceiveCplt) refers to stm32f1xx_hal_uart.o(i.HAL_UART_RxCpltCallback) for HAL_UART_RxCpltCallback
    stm32f1xx_hal_uart.o(i.UART_DMARxHalfCplt) refers to stm32f1xx_hal_uart.o(i.HAL_UART_RxHalfCpltCallback) for HAL_UART_RxHalfCpltCallback
    stm32f1xx_hal_uart.o(i.UART_DMATransmitCplt) refers to stm32f1xx_hal_uart.o(i.HAL_UART_TxCpltCallback) for HAL_UART_TxCpltCallback
    stm32f1xx_hal_uart.o(i.UART_DMATxHalfCplt) refers to stm32f1xx_hal_uart.o(i.HAL_UART_TxHalfCpltCallback) for HAL_UART_TxHalfCpltCallback
    stm32f1xx_hal_uart.o(i.UART_Receive_IT) refers to stm32f1xx_hal_uart.o(i.HAL_UART_RxCpltCallback) for HAL_UART_RxCpltCallback
    stm32f1xx_hal_uart.o(i.UART_SetConfig) refers to stm32f1xx_hal_rcc.o(i.HAL_RCC_GetPCLK2Freq) for HAL_RCC_GetPCLK2Freq
    stm32f1xx_hal_uart.o(i.UART_SetConfig) refers to stm32f1xx_hal_rcc.o(i.HAL_RCC_GetPCLK1Freq) for HAL_RCC_GetPCLK1Freq
    stm32f1xx_hal_uart.o(i.UART_WaitOnFlagUntilTimeout) refers to stm32f1xx_hal.o(i.HAL_GetTick) for HAL_GetTick
    stm32f1xx_hal_spi.o(i.HAL_SPI_DMAStop) refers to stm32f1xx_hal_dma.o(i.HAL_DMA_Abort) for HAL_DMA_Abort
    stm32f1xx_hal_spi.o(i.HAL_SPI_DeInit) refers to stm32f1xx_hal_msp.o(i.HAL_SPI_MspDeInit) for HAL_SPI_MspDeInit
    stm32f1xx_hal_spi.o(i.HAL_SPI_IRQHandler) refers to stm32f1xx_hal_spi.o(i.HAL_SPI_ErrorCallback) for HAL_SPI_ErrorCallback
    stm32f1xx_hal_spi.o(i.HAL_SPI_Init) refers to stm32f1xx_hal_msp.o(i.HAL_SPI_MspInit) for HAL_SPI_MspInit
[...]
    Removing usbd_core.o(i.USBD_DeInit), (38 bytes).
    Removing usbd_core.o(i.USBD_LL_DevConnected), (4 bytes).
    Removing usbd_core.o(i.USBD_LL_DevDisconnected), (22 bytes).
    Removing usbd_core.o(i.USBD_LL_IsoINIncomplete), (4 bytes).
    Removing usbd_core.o(i.USBD_LL_IsoOUTIncomplete), (4 bytes).
    Removing usbd_core.o(i.USBD_RunTestMode), (4 bytes).
    Removing usbd_core.o(i.USBD_Stop), (26 bytes).

324 unused section(s) (total 13805 bytes) removed from the image.

==============================================================================

Image Symbol Table

    Local Symbols

    Symbol Name                              Value     Ov Type        Size  Object(Section)

    ../Drivers/CMSIS//Device/ST/STM32F1xx/Source/Templates/system_stm32f1xx.c 0x00000000   Number         0  system_stm32f1xx.o ABSOLUTE
    ../Drivers/STM32F1xx_HAL_Driver/Src/stm32f1xx_hal.c 0x00000000   Number         0  stm32f1xx_hal.o ABSOLUTE
    ../Drivers/STM32F1xx_HAL_Driver/Src/stm32f1xx_hal_cortex.c 0x00000000   Number         0  stm32f1xx_hal_cortex.o ABSOLUTE
    ../Drivers/STM32F1xx_HAL_Driver/Src/stm32f1xx_hal_dma.c 0x00000000   Number         0  stm32f1xx_hal_dma.o ABSOLUTE
    ../Drivers/STM32F1xx_HAL_Driver/Src/stm32f1xx_hal_flash.c 0x00000000   Number         0  stm32f1xx_hal_flash.o ABSOLUTE
    ../Drivers/STM32F1xx_HAL_Driver/Src/stm32f1xx_hal_flash_ex.c 0x00000000   Number         0  stm32f1xx_hal_flash_ex.o ABSOLUTE
    ../Drivers/STM32F1xx_HAL_Driver/Src/stm32f1xx_hal_gpio.c 0x00000000   Number         0  stm32f1xx_hal_gpio.o ABSOLUTE
    ../Drivers/STM32F1xx_HAL_Driver/Src/stm32f1xx_hal_gpio_ex.c 0x00000000   Number         0  stm32f1xx_hal_gpio_ex.o ABSOLUTE
    ../Drivers/STM32F1xx_HAL_Driver/Src/stm32f1xx_hal_pcd.c 0x00000000   Number         0  stm32f1xx_hal_pcd.o ABSOLUTE
    ../Drivers/STM32F1xx_HAL_Driver/Src/stm32f1xx_hal_pcd_ex.c 0x00000000   Number         0  stm32f1xx_hal_pcd_ex.o ABSOLUTE
    ../Drivers/STM32F1xx_HAL_Driver/Src/stm32f1xx_hal_pwr.c 0x00000000   Number         0  stm32f1xx_hal_pwr.o ABSOLUTE
    ../Drivers/STM32F1xx_HAL_Driver/Src/stm32f1xx_hal_rcc.c 0x00000000   Number         0  stm32f1xx_hal_rcc.o ABSOLUTE
    ../Drivers/STM32F1xx_HAL_Driver/Src/stm32f1xx_hal_rcc_ex.c 0x00000000   Number         0  stm32f1xx_hal_rcc_ex.o ABSOLUTE
    ../Drivers/STM32F1xx_HAL_Driver/Src/stm32f1xx_hal_spi.c 0x00000000   Number         0  stm32f1xx_hal_spi.o ABSOLUTE
    ../Drivers/STM32F1xx_HAL_Driver/Src/stm32f1xx_hal_spi_ex.c 0x00000000   Number         0  stm32f1xx_hal_spi_ex.o ABSOLUTE
    ../Drivers/STM32F1xx_HAL_Driver/Src/stm32f1xx_hal_tim.c 0x00000000   Number         0  stm32f1xx_hal_tim.o ABSOLUTE
    ../Drivers/STM32F1xx_HAL_Driver/Src/stm32f1xx_hal_tim_ex.c 0x00000000   Number         0  stm32f1xx_hal_tim_ex.o ABSOLUTE
    ../Drivers/STM32F1xx_HAL_Driver/Src/stm32f1xx_hal_uart.c 0x00000000   Number         0  stm32f1xx_hal_uart.o ABSOLUTE
    ../Drivers/STM32F1xx_HAL_Driver/Src/stm32f1xx_ll_usb.c 0x00000000   Number         0  stm32f1xx_ll_usb.o ABSOLUTE
    ../Middlewares/ST/STM32_USB_Device_Library/Class/CDC/Src/usbd_cdc.c 0x00000000   Number         0  usbd_cdc.o ABSOLUTE
    ../Middlewares/ST/STM32_USB_Device_Library/Core/Src/usbd_core.c 0x00000000   Number         0  usbd_core.o ABSOLUTE
    ../Middlewares/ST/STM32_USB_Device_Library/Core/Src/usbd_ctlreq.c 0x00000000   Number         0  usbd_ctlreq.o ABSOLUTE
    ../Middlewares/ST/STM32_USB_Device_Library/Core/Src/usbd_ioreq.c 0x00000000   Number         0  usbd_ioreq.o ABSOLUTE
    ../Src/main.c                            0x00000000   Number         0  main.o ABSOLUTE
    ../Src/stm32f1xx_hal_msp.c               0x00000000   Number         0  stm32f1xx_hal_msp.o ABSOLUTE
    ../Src/stm32f1xx_it.c                    0x00000000   Number         0  stm32f1xx_it.o ABSOLUTE
    ../Src/usb_device.c                      0x00000000   Number         0  usb_device.o ABSOLUTE
    ../Src/usbd_cdc_if.c                     0x00000000   Number         0  usbd_cdc_if.o ABSOLUTE
    ../Src/usbd_conf.c                       0x00000000   Number         0  usbd_conf.o ABSOLUTE
    ../Src/usbd_desc.c                       0x00000000   Number         0  usbd_desc.o ABSOLUTE
    ../clib/../cmprslib/zerorunl2.c          0x00000000   Number         0  __dczerorl2.o ABSOLUTE
    ../clib/microlib/init/entry.s            0x00000000   Number         0  entry11a.o ABSOLUTE
    ../clib/microlib/init/entry.s            0x00000000   Number         0  entry2.o ABSOLUTE
    ../clib/microlib/init/entry.s            0x00000000   Number         0  entry5.o ABSOLUTE
    ../clib/microlib/init/entry.s            0x00000000   Number         0  entry11b.o ABSOLUTE
    ../clib/microlib/init/entry.s            0x00000000   Number         0  entry10b.o ABSOLUTE
    ../clib/microlib/init/entry.s            0x00000000   Number         0  entry10a.o ABSOLUTE
    ../clib/microlib/init/entry.s            0x00000000   Number         0  entry9b.o ABSOLUTE
    ../clib/microlib/init/entry.s            0x00000000   Number         0  entry9a.o ABSOLUTE
    ../clib/microlib/init/entry.s            0x00000000   Number         0  entry.o ABSOLUTE
    ../clib/microlib/init/entry.s            0x00000000   Number         0  entry8b.o ABSOLUTE
    ../clib/microlib/init/entry.s            0x00000000   Number         0  entry8a.o ABSOLUTE
    ../clib/microlib/init/entry.s            0x00000000   Number         0  entry7b.o ABSOLUTE
    ../clib/microlib/init/entry.s            0x00000000   Number         0  entry7a.o ABSOLUTE
    ../clib/microlib/longlong.c              0x00000000   Number         0  llushr.o ABSOLUTE
    ../clib/microlib/string/memcpy.c         0x00000000   Number         0  memcpyb.o ABSOLUTE
    ../clib/microlib/string/memcpy.c         0x00000000   Number         0  memcpya.o ABSOLUTE
    ..\Drivers\CMSIS\\Device\ST\STM32F1xx\Source\Templates\system_stm32f1xx.c 0x00000000   Number         0  system_stm32f1xx.o ABSOLUTE
    ..\Drivers\STM32F1xx_HAL_Driver\Src\stm32f1xx_hal.c 0x00000000   Number         0  stm32f1xx_hal.o ABSOLUTE
    ..\Drivers\STM32F1xx_HAL_Driver\Src\stm32f1xx_hal_cortex.c 0x00000000   Number         0  stm32f1xx_hal_cortex.o ABSOLUTE
    ..\Drivers\STM32F1xx_HAL_Driver\Src\stm32f1xx_hal_dma.c 0x00000000   Number         0  stm32f1xx_hal_dma.o ABSOLUTE
    ..\Drivers\STM32F1xx_HAL_Driver\Src\stm32f1xx_hal_flash.c 0x00000000   Number         0  stm32f1xx_hal_flash.o ABSOLUTE
    ..\Drivers\STM32F1xx_HAL_Driver\Src\stm32f1xx_hal_flash_ex.c 0x00000000   Number         0  stm32f1xx_hal_flash_ex.o ABSOLUTE
    ..\Drivers\STM32F1xx_HAL_Driver\Src\stm32f1xx_hal_gpio.c 0x00000000   Number         0  stm32f1xx_hal_gpio.o ABSOLUTE
    ..\Drivers\STM32F1xx_HAL_Driver\Src\stm32f1xx_hal_gpio_ex.c 0x00000000   Number         0  stm32f1xx_hal_gpio_ex.o ABSOLUTE
    ..\Drivers\STM32F1xx_HAL_Driver\Src\stm32f1xx_hal_pcd.c 0x00000000   Number         0  stm32f1xx_hal_pcd.o ABSOLUTE
    ..\Drivers\STM32F1xx_HAL_Driver\Src\stm32f1xx_hal_pcd_ex.c 0x00000000   Number         0  stm32f1xx_hal_pcd_ex.o ABSOLUTE
    ..\Drivers\STM32F1xx_HAL_Driver\Src\stm32f1xx_hal_pwr.c 0x00000000   Number         0  stm32f1xx_hal_pwr.o ABSOLUTE
    ..\Drivers\STM32F1xx_HAL_Driver\Src\stm32f1xx_hal_rcc.c 0x00000000   Number         0  stm32f1xx_hal_rcc.o ABSOLUTE
    ..\Drivers\STM32F1xx_HAL_Driver\Src\stm32f1xx_hal_rcc_ex.c 0x00000000   Number         0  stm32f1xx_hal_rcc_ex.o ABSOLUTE
    ..\Drivers\STM32F1xx_HAL_Driver\Src\stm32f1xx_hal_spi.c 0x00000000   Number         0  stm32f1xx_hal_spi.o ABSOLUTE
    ..\Drivers\STM32F1xx_HAL_Driver\Src\stm32f1xx_hal_spi_ex.c 0x00000000   Number         0  stm32f1xx_hal_spi_ex.o ABSOLUTE
    ..\Drivers\STM32F1xx_HAL_Driver\Src\stm32f1xx_hal_tim.c 0x00000000   Number         0  stm32f1xx_hal_tim.o ABSOLUTE
    ..\Drivers\STM32F1xx_HAL_Driver\Src\stm32f1xx_hal_tim_ex.c 0x00000000   Number         0  stm32f1xx_hal_tim_ex.o ABSOLUTE
    ..\Drivers\STM32F1xx_HAL_Driver\Src\stm32f1xx_hal_uart.c 0x00000000   Number         0  stm32f1xx_hal_uart.o ABSOLUTE
    ..\Drivers\STM32F1xx_HAL_Driver\Src\stm32f1xx_ll_usb.c 0x00000000   Number         0  stm32f1xx_ll_usb.o ABSOLUTE
    ..\Middlewares\ST\STM32_USB_Device_Library\Class\CDC\Src\usbd_cdc.c 0x00000000   Number         0  usbd_cdc.o ABSOLUTE
    ..\Middlewares\ST\STM32_USB_Device_Library\Core\Src\usbd_core.c 0x00000000   Number         0  usbd_core.o ABSOLUTE
    ..\Middlewares\ST\STM32_USB_Device_Library\Core\Src\usbd_ctlreq.c 0x00000000   Number         0  usbd_ctlreq.o ABSOLUTE
    ..\Middlewares\ST\STM32_USB_Device_Library\Core\Src\usbd_ioreq.c 0x00000000   Number         0  usbd_ioreq.o ABSOLUTE
    ..\RC522\rc522.c                         0x00000000   Number         0  rc522.o ABSOLUTE
    ..\Src\main.c                            0x00000000   Number         0  main.o ABSOLUTE
    ..\Src\stm32f1xx_hal_msp.c               0x00000000   Number         0  stm32f1xx_hal_msp.o ABSOLUTE
    ..\Src\stm32f1xx_it.c                    0x00000000   Number         0  stm32f1xx_it.o ABSOLUTE
    ..\Src\usb_device.c                      0x00000000   Number         0  usb_device.o ABSOLUTE
    ..\Src\usbd_cdc_if.c                     0x00000000   Number         0  usbd_cdc_if.o ABSOLUTE
    ..\Src\usbd_conf.c                       0x00000000   Number         0  usbd_conf.o ABSOLUTE
    ..\Src\usbd_desc.c                       0x00000000   Number         0  usbd_desc.o ABSOLUTE
    ..\\RC522\\rc522.c                       0x00000000   Number         0  rc522.o ABSOLUTE
    dc.s                                     0x00000000   Number         0  dc.o ABSOLUTE
    handlers.s                               0x00000000   Number         0  handlers.o ABSOLUTE
    init.s                                   0x00000000   Number         0  init.o ABSOLUTE
    startup_stm32f103xb.s                    0x00000000   Number         0  startup_stm32f103xb.o ABSOLUTE
    RESET                                    0x08000000   Section      236  startup_stm32f103xb.o(RESET)
    .ARM.Collect$$$$00000000                 0x080000ec   Section        0  entry.o(.ARM.Collect$$$$00000000)
    .ARM.Collect$$$$00000001                 0x080000ec   Section        4  entry2.o(.ARM.Collect$$$$00000001)
    .ARM.Collect$$$$00000004                 0x080000f0   Section        4  entry5.o(.ARM.Collect$$$$00000004)
    .ARM.Collect$$$$00000008                 0x080000f4   Section        0  entry7b.o(.ARM.Collect$$$$00000008)
    .ARM.Collect$$$$0000000A                 0x080000f4   Section        0  entry8b.o(.ARM.Collect$$$$0000000A)
    .ARM.Collect$$$$0000000B                 0x080000f4   Section        8  entry9a.o(.ARM.Collect$$$$0000000B)
    .ARM.Collect$$$$0000000D                 0x080000fc   Section        0  entry10a.o(.ARM.Collect$$$$0000000D)
    .ARM.Collect$$$$0000000F                 0x080000fc   Section        0  entry11a.o(.ARM.Collect$$$$0000000F)
    .ARM.Collect$$$$00002712                 0x080000fc   Section        4  entry2.o(.ARM.Collect$$$$00002712)
    __lit__00000000                          0x080000fc   Data           4  entry2.o(.ARM.Collect$$$$00002712)
    .text                                    0x08000100   Section       36  startup_stm32f103xb.o(.text)
    .text                                    0x08000124   Section        0  memcpya.o(.text)
    .text                                    0x08000148   Section       36  init.o(.text)
    .text                                    0x0800016c   Section        0  __dczerorl2.o(.text)
    i.BusFault_Handler                       0x080001c2   Section        0  stm32f1xx_it.o(i.BusFault_Handler)
    i.CDC_Control_FS                         0x080001c4   Section        0  usbd_cdc_if.o(i.CDC_Control_FS)
    CDC_Control_FS                           0x080001c5   Thumb Code     4  usbd_cdc_if.o(i.CDC_Control_FS)
    i.CDC_DeInit_FS                          0x080001c8   Section        0  usbd_cdc_if.o(i.CDC_DeInit_FS)
    CDC_DeInit_FS                            0x080001c9   Thumb Code     4  usbd_cdc_if.o(i.CDC_DeInit_FS)
    i.CDC_Init_FS                            0x080001cc   Section        0  usbd_cdc_if.o(i.CDC_Init_FS)
    CDC_Init_FS                              0x080001cd   Thumb Code    26  usbd_cdc_if.o(i.CDC_Init_FS)
    i.CDC_Receive_FS                         0x080001f0   Section        0  usbd_cdc_if.o(i.CDC_Receive_FS)
    CDC_Receive_FS                           0x080001f1   Thumb Code    20  usbd_cdc_if.o(i.CDC_Receive_FS)
    i.CDC_Transmit_FS                        0x08000208   Section        0  usbd_cdc_if.o(i.CDC_Transmit_FS)
    i.DebugMon_Handler                       0x08000234   Section        0  stm32f1xx_it.o(i.DebugMon_Handler)
    i.Error_Handler                          0x08000236   Section        0  main.o(i.Error_Handler)
    i.HAL_Delay                              0x08000238   Section        0  stm32f1xx_hal.o(i.HAL_Delay)
    i.HAL_GPIO_Init                          0x08000250   Section        0  stm32f1xx_hal_gpio.o(i.HAL_GPIO_Init)
    i.HAL_GPIO_ReadPin                       0x0800040c   Section        0  stm32f1xx_hal_gpio.o(i.HAL_GPIO_ReadPin)
    i.HAL_GPIO_WritePin                      0x08000416   Section        0  stm32f1xx_hal_gpio.o(i.HAL_GPIO_WritePin)
    i.HAL_GetTick                            0x08000420   Section        0  stm32f1xx_hal.o(i.HAL_GetTick)
    i.HAL_IncTick                            0x0800042c   Section        0  stm32f1xx_hal.o(i.HAL_IncTick)
    i.HAL_Init                               0x0800043c   Section        0  stm32f1xx_hal.o(i.HAL_Init)
    i.HAL_InitTick                           0x08000460   Section        0  stm32f1xx_hal.o(i.HAL_InitTick)
    i.HAL_MspInit                            0x08000484   Section        0  stm32f1xx_hal_msp.o(i.HAL_MspInit)
    i.HAL_NVIC_EnableIRQ                     0x08000504   Section        0  stm32f1xx_hal_cortex.o(i.HAL_NVIC_EnableIRQ)
    i.HAL_NVIC_SetPriority                   0x0800051c   Section        0  stm32f1xx_hal_cortex.o(i.HAL_NVIC_SetPriority)
    i.HAL_NVIC_SetPriorityGrouping           0x0800055c   Section        0  stm32f1xx_hal_cortex.o(i.HAL_NVIC_SetPriorityGrouping)
    i.HAL_PCDEx_PMAConfig                    0x08000580   Section        0  stm32f1xx_hal_pcd_ex.o(i.HAL_PCDEx_PMAConfig)
    i.HAL_PCDEx_SetConnectionState           0x080005b4   Section        0  usbd_conf.o(i.HAL_PCDEx_SetConnectionState)
    i.HAL_PCD_DataInStageCallback            0x080005b6   Section        0  usbd_conf.o(i.HAL_PCD_DataInStageCallback)
    i.HAL_PCD_DataOutStageCallback           0x080005c4   Section        0  usbd_conf.o(i.HAL_PCD_DataOutStageCallback)
    i.HAL_PCD_EP_Close                       0x080005d4   Section        0  stm32f1xx_hal_pcd.o(i.HAL_PCD_EP_Close)
    i.HAL_PCD_EP_ClrStall                    0x08000614   Section        0  stm32f1xx_hal_pcd.o(i.HAL_PCD_EP_ClrStall)
    i.HAL_PCD_EP_GetRxCount                  0x0800065c   Section        0  stm32f1xx_hal_pcd.o(i.HAL_PCD_EP_GetRxCount)
    i.HAL_PCD_EP_Open                        0x0800066c   Section        0  stm32f1xx_hal_pcd.o(i.HAL_PCD_EP_Open)
    i.HAL_PCD_EP_Receive                     0x080006b0   Section        0  stm32f1xx_hal_pcd.o(i.HAL_PCD_EP_Receive)
    i.HAL_PCD_EP_SetStall                    0x080006f0   Section        0  stm32f1xx_hal_pcd.o(i.HAL_PCD_EP_SetStall)
    i.HAL_PCD_EP_Transmit                    0x08000746   Section        0  stm32f1xx_hal_pcd.o(i.HAL_PCD_EP_Transmit)
    i.HAL_PCD_IRQHandler                     0x08000784   Section        0  stm32f1xx_hal_pcd.o(i.HAL_PCD_IRQHandler)
    i.HAL_PCD_Init                           0x08000890   Section        0  stm32f1xx_hal_pcd.o(i.HAL_PCD_Init)
    i.HAL_PCD_MspInit                        0x08000950   Section        0  usbd_conf.o(i.HAL_PCD_MspInit)
    i.HAL_PCD_ResetCallback                  0x0800098c   Section        0  usbd_conf.o(i.HAL_PCD_ResetCallback)
    i.HAL_PCD_ResumeCallback                 0x080009a6   Section        0  usbd_conf.o(i.HAL_PCD_ResumeCallback)
    i.HAL_PCD_SOFCallback                    0x080009ae   Section        0  usbd_conf.o(i.HAL_PCD_SOFCallback)
    i.HAL_PCD_SetAddress                     0x080009b6   Section        0  stm32f1xx_hal_pcd.o(i.HAL_PCD_SetAddress)
    i.HAL_PCD_SetupStageCallback             0x080009de   Section        0  usbd_conf.o(i.HAL_PCD_SetupStageCallback)
    i.HAL_PCD_Start                          0x080009ec   Section        0  stm32f1xx_hal_pcd.o(i.HAL_PCD_Start)
    i.HAL_PCD_SuspendCallback                0x08000a20   Section        0  usbd_conf.o(i.HAL_PCD_SuspendCallback)
    i.HAL_RCCEx_PeriphCLKConfig              0x08000a44   Section        0  stm32f1xx_hal_rcc_ex.o(i.HAL_RCCEx_PeriphCLKConfig)
    i.HAL_RCC_ClockConfig                    0x08000b70   Section        0  stm32f1xx_hal_rcc.o(i.HAL_RCC_ClockConfig)
    i.HAL_RCC_GetHCLKFreq                    0x08000cf8   Section        0  stm32f1xx_hal_rcc.o(i.HAL_RCC_GetHCLKFreq)
    i.HAL_RCC_GetPCLK1Freq                   0x08000d04   Section        0  stm32f1xx_hal_rcc.o(i.HAL_RCC_GetPCLK1Freq)
    i.HAL_RCC_GetPCLK2Freq                   0x08000d34   Section        0  stm32f1xx_hal_rcc.o(i.HAL_RCC_GetPCLK2Freq)
    i.HAL_RCC_GetSysClockFreq                0x08000d64   Section        0  stm32f1xx_hal_rcc.o(i.HAL_RCC_GetSysClockFreq)
    i.HAL_RCC_OscConfig                      0x08000dec   Section        0  stm32f1xx_hal_rcc.o(i.HAL_RCC_OscConfig)
    i.HAL_SPI_Init                           0x0800136c   Section        0  stm32f1xx_hal_spi_ex.o(i.HAL_SPI_Init)
    i.HAL_SPI_MspInit                        0x080013f4   Section        0  stm32f1xx_hal_msp.o(i.HAL_SPI_MspInit)
    i.HAL_SPI_TransmitReceive                0x0800144c   Section        0  stm32f1xx_hal_spi.o(i.HAL_SPI_TransmitReceive)
    i.HAL_SYSTICK_CLKSourceConfig            0x080016fe   Section        0  stm32f1xx_hal_cortex.o(i.HAL_SYSTICK_CLKSourceConfig)
    i.HAL_SYSTICK_Callback                   0x08001716   Section        0  stm32f1xx_hal_cortex.o(i.HAL_SYSTICK_Callback)
    i.HAL_SYSTICK_Config                     0x08001718   Section        0  stm32f1xx_hal_cortex.o(i.HAL_SYSTICK_Config)
    i.HAL_SYSTICK_IRQHandler                 0x08001740   Section        0  stm32f1xx_hal_cortex.o(i.HAL_SYSTICK_IRQHandler)
    i.HAL_UART_ErrorCallback                 0x08001748   Section        0  stm32f1xx_hal_uart.o(i.HAL_UART_ErrorCallback)
    i.HAL_UART_IRQHandler                    0x0800174c   Section        0  stm32f1xx_hal_uart.o(i.HAL_UART_IRQHandler)
    i.HAL_UART_Init                          0x08001826   Section        0  stm32f1xx_hal_uart.o(i.HAL_UART_Init)
    i.HAL_UART_MspInit                       0x08001884   Section        0  stm32f1xx_hal_msp.o(i.HAL_UART_MspInit)
    i.HAL_UART_Receive_IT                    0x080018ec   Section        0  stm32f1xx_hal_uart.o(i.HAL_UART_Receive_IT)
    i.HAL_UART_RxCpltCallback                0x08001956   Section        0  stm32f1xx_hal_uart.o(i.HAL_UART_RxCpltCallback)
    i.HAL_UART_Transmit                      0x08001958   Section        0  stm32f1xx_hal_uart.o(i.HAL_UART_Transmit)
    i.HAL_UART_TxCpltCallback                0x08001a24   Section        0  stm32f1xx_hal_uart.o(i.HAL_UART_TxCpltCallback)
    i.HardFault_Handler                      0x08001a26   Section        0  stm32f1xx_it.o(i.HardFault_Handler)
    i.MFRC522_AntennaOn                      0x08001a28   Section        0  rc522.o(i.MFRC522_AntennaOn)
    i.MFRC522_Anticoll                       0x08001a42   Section        0  rc522.o(i.MFRC522_Anticoll)
    i.MFRC522_ClearBitMask                   0x08001a84   Section        0  rc522.o(i.MFRC522_ClearBitMask)
    i.MFRC522_Init                           0x08001a9c   Section        0  rc522.o(i.MFRC522_Init)
    i.MFRC522_ReadRegister                   0x08001aea   Section        0  rc522.o(i.MFRC522_ReadRegister)
    i.MFRC522_Request                        0x08001af8   Section        0  rc522.o(i.MFRC522_Request)
    i.MFRC522_Reset                          0x08001b26   Section        0  rc522.o(i.MFRC522_Reset)
    i.MFRC522_SetBitMask                     0x08001b2e   Section        0  rc522.o(i.MFRC522_SetBitMask)
    i.MFRC522_ToCard                         0x08001b46   Section        0  rc522.o(i.MFRC522_ToCard)
    i.MFRC522_WriteRegister                  0x08001c5a   Section        0  rc522.o(i.MFRC522_WriteRegister)
    i.MX_GPIO_Init                           0x08001c64   Section        0  main.o(i.MX_GPIO_Init)
    MX_GPIO_Init                             0x08001c65   Thumb Code   136  main.o(i.MX_GPIO_Init)
    i.MX_SPI1_Init                           0x08001cf8   Section        0  main.o(i.MX_SPI1_Init)
    MX_SPI1_Init                             0x08001cf9   Thumb Code    56  main.o(i.MX_SPI1_Init)
    i.MX_USB_DEVICE_Init                     0x08001d38   Section        0  usb_device.o(i.MX_USB_DEVICE_Init)
    i.MemManage_Handler                      0x08001d70   Section        0  stm32f1xx_it.o(i.MemManage_Handler)
    i.NMI_Handler                            0x08001d72   Section        0  stm32f1xx_it.o(i.NMI_Handler)
    i.NVIC_SetPriority                       0x08001d74   Section        0  stm32f1xx_hal_cortex.o(i.NVIC_SetPriority)
    NVIC_SetPriority                         0x08001d75   Thumb Code    32  stm32f1xx_hal_cortex.o(i.NVIC_SetPriority)
    i.PCD_EP_ISR_Handler                     0x08001d94   Section        0  stm32f1xx_hal_pcd.o(i.PCD_EP_ISR_Handler)
    PCD_EP_ISR_Handler                       0x08001d95   Thumb Code   866  stm32f1xx_hal_pcd.o(i.PCD_EP_ISR_Handler)
    i.PendSV_Handler                         0x080020f6   Section        0  stm32f1xx_it.o(i.PendSV_Handler)
    i.SPI1SendByte                           0x080020f8   Section        0  rc522.o(i.SPI1SendByte)
    i.SPI1_ReadReg                           0x08002118   Section        0  rc522.o(i.SPI1_ReadReg)
    i.SPI1_WriteReg                          0x08002148   Section        0  rc522.o(i.SPI1_WriteReg)
    i.SPI_WaitOnFlagUntilTimeout             0x08002178   Section        0  stm32f1xx_hal_spi.o(i.SPI_WaitOnFlagUntilTimeout)
    SPI_WaitOnFlagUntilTimeout               0x08002179   Thumb Code   158  stm32f1xx_hal_spi.o(i.SPI_WaitOnFlagUntilTimeout)
    i.SVC_Handler                            0x08002216   Section        0  stm32f1xx_it.o(i.SVC_Handler)
    i.SysTick_Handler                        0x08002218   Section        0  stm32f1xx_it.o(i.SysTick_Handler)
    i.SystemClock_Config                     0x08002226   Section        0  main.o(i.SystemClock_Config)
    i.SystemInit                             0x0800229c   Section        0  system_stm32f1xx.o(i.SystemInit)
    i.UART_Receive_IT                        0x080022e4   Section        0  stm32f1xx_hal_uart.o(i.UART_Receive_IT)
    UART_Receive_IT                          0x080022e5   Thumb Code   168  stm32f1xx_hal_uart.o(i.UART_Receive_IT)
    i.UART_SetConfig                         0x0800238c   Section        0  stm32f1xx_hal_uart.o(i.UART_SetConfig)
    UART_SetConfig                           0x0800238d   Thumb Code   364  stm32f1xx_hal_uart.o(i.UART_SetConfig)
    i.UART_Transmit_IT                       0x080024fc   Section        0  stm32f1xx_hal_uart.o(i.UART_Transmit_IT)
    UART_Transmit_IT                         0x080024fd   Thumb Code   102  stm32f1xx_hal_uart.o(i.UART_Transmit_IT)
    i.UART_WaitOnFlagUntilTimeout            0x08002562   Section        0  stm32f1xx_hal_uart.o(i.UART_WaitOnFlagUntilTimeout)
    UART_WaitOnFlagUntilTimeout              0x08002563   Thumb Code   146  stm32f1xx_hal_uart.o(i.UART_WaitOnFlagUntilTimeout)
    i.USART1_IRQHandler                      0x080025f4   Section        0  stm32f1xx_it.o(i.USART1_IRQHandler)
    i.USBD_CDC_DataIn                        0x08002600   Section        0  usbd_cdc.o(i.USBD_CDC_DataIn)
    USBD_CDC_DataIn                          0x08002601   Thumb Code    20  usbd_cdc.o(i.USBD_CDC_DataIn)
    i.USBD_CDC_DataOut                       0x08002614   Section        0  usbd_cdc.o(i.USBD_CDC_DataOut)
    USBD_CDC_DataOut                         0x08002615   Thumb Code    46  usbd_cdc.o(i.USBD_CDC_DataOut)
    i.USBD_CDC_DeInit                        0x08002642   Section        0  usbd_cdc.o(i.USBD_CDC_DeInit)
    USBD_CDC_DeInit                          0x08002643   Thumb Code    60  usbd_cdc.o(i.USBD_CDC_DeInit)
    i.USBD_CDC_EP0_RxReady                   0x0800267e   Section        0  usbd_cdc.o(i.USBD_CDC_EP0_RxReady)
    USBD_CDC_EP0_RxReady                     0x0800267f   Thumb Code    36  usbd_cdc.o(i.USBD_CDC_EP0_RxReady)
    i.USBD_CDC_GetDeviceQualifierDescriptor  0x080026a4   Section        0  usbd_cdc.o(i.USBD_CDC_GetDeviceQualifierDescriptor)
    i.USBD_CDC_GetFSCfgDesc                  0x080026b0   Section        0  usbd_cdc.o(i.USBD_CDC_GetFSCfgDesc)
    USBD_CDC_GetFSCfgDesc                    0x080026b1   Thumb Code     8  usbd_cdc.o(i.USBD_CDC_GetFSCfgDesc)
    i.USBD_CDC_GetHSCfgDesc                  0x080026bc   Section        0  usbd_cdc.o(i.USBD_CDC_GetHSCfgDesc)
    USBD_CDC_GetHSCfgDesc                    0x080026bd   Thumb Code     8  usbd_cdc.o(i.USBD_CDC_GetHSCfgDesc)
    i.USBD_CDC_GetOtherSpeedCfgDesc          0x080026c8   Section        0  usbd_cdc.o(i.USBD_CDC_GetOtherSpeedCfgDesc)
    USBD_CDC_GetOtherSpeedCfgDesc            0x080026c9   Thumb Code     8  usbd_cdc.o(i.USBD_CDC_GetOtherSpeedCfgDesc)
    i.USBD_CDC_Init                          0x080026d4   Section        0  usbd_cdc.o(i.USBD_CDC_Init)
    USBD_CDC_Init                            0x080026d5   Thumb Code   136  usbd_cdc.o(i.USBD_CDC_Init)
    i.USBD_CDC_ReceivePacket                 0x0800275c   Section        0  usbd_cdc.o(i.USBD_CDC_ReceivePacket)
    i.USBD_CDC_RegisterInterface             0x08002784   Section        0  usbd_cdc.o(i.USBD_CDC_RegisterInterface)
    i.USBD_CDC_SetRxBuffer                   0x08002794   Section        0  usbd_cdc.o(i.USBD_CDC_SetRxBuffer)
    i.USBD_CDC_SetTxBuffer                   0x080027a0   Section        0  usbd_cdc.o(i.USBD_CDC_SetTxBuffer)
    i.USBD_CDC_Setup                         0x080027b0   Section        0  usbd_cdc.o(i.USBD_CDC_Setup)
    USBD_CDC_Setup                           0x080027b1   Thumb Code   106  usbd_cdc.o(i.USBD_CDC_Setup)
    i.USBD_CDC_TransmitPacket                0x08002820   Section        0  usbd_cdc.o(i.USBD_CDC_TransmitPacket)
    i.USBD_ClrClassConfig                    0x08002850   Section        0  usbd_core.o(i.USBD_ClrClassConfig)
    i.USBD_CtlContinueRx                     0x0800285e   Section        0  usbd_ioreq.o(i.USBD_CtlContinueRx)
    i.USBD_CtlContinueSendData               0x0800286e   Section        0  usbd_ioreq.o(i.USBD_CtlContinueSendData)
    i.USBD_CtlError                          0x0800287e   Section        0  usbd_ctlreq.o(i.USBD_CtlError)
    i.USBD_CtlPrepareRx                      0x08002894   Section        0  usbd_ioreq.o(i.USBD_CtlPrepareRx)
    i.USBD_CtlReceiveStatus                  0x080028b2   Section        0  usbd_ioreq.o(i.USBD_CtlReceiveStatus)
    i.USBD_CtlSendData                       0x080028c8   Section        0  usbd_ioreq.o(i.USBD_CtlSendData)
    i.USBD_CtlSendStatus                     0x080028e2   Section        0  usbd_ioreq.o(i.USBD_CtlSendStatus)
    i.USBD_FS_ConfigStrDescriptor            0x080028f8   Section        0  usbd_desc.o(i.USBD_FS_ConfigStrDescriptor)
    i.USBD_FS_DeviceDescriptor               0x08002918   Section        0  usbd_desc.o(i.USBD_FS_DeviceDescriptor)
    i.USBD_FS_InterfaceStrDescriptor         0x08002924   Section        0  usbd_desc.o(i.USBD_FS_InterfaceStrDescriptor)
    i.USBD_FS_LangIDStrDescriptor            0x08002948   Section        0  usbd_desc.o(i.USBD_FS_LangIDStrDescriptor)
    i.USBD_FS_ManufacturerStrDescriptor      0x08002954   Section        0  usbd_desc.o(i.USBD_FS_ManufacturerStrDescriptor)
    i.USBD_FS_ProductStrDescriptor           0x0800297c   Section        0  usbd_desc.o(i.USBD_FS_ProductStrDescriptor)
    i.USBD_FS_SerialStrDescriptor            0x080029a8   Section        0  usbd_desc.o(i.USBD_FS_SerialStrDescriptor)
    i.USBD_GetDescriptor                     0x080029cc   Section        0  usbd_ctlreq.o(i.USBD_GetDescriptor)
    USBD_GetDescriptor                       0x080029cd   Thumb Code   224  usbd_ctlreq.o(i.USBD_GetDescriptor)
    i.USBD_GetString                         0x08002aac   Section        0  usbd_ctlreq.o(i.USBD_GetString)
    i.USBD_Init                              0x08002af2   Section        0  usbd_core.o(i.USBD_Init)
    i.USBD_LL_ClearStallEP                   0x08002b1c   Section        0  usbd_conf.o(i.USBD_LL_ClearStallEP)
    i.USBD_LL_CloseEP                        0x08002b2a   Section        0  usbd_conf.o(i.USBD_LL_CloseEP)
    i.USBD_LL_DataInStage                    0x08002b38   Section        0  usbd_core.o(i.USBD_LL_DataInStage)
    i.USBD_LL_DataOutStage                   0x08002be2   Section        0  usbd_core.o(i.USBD_LL_DataOutStage)
    i.USBD_LL_GetRxDataSize                  0x08002c4c   Section        0  usbd_conf.o(i.USBD_LL_GetRxDataSize)
    i.USBD_LL_Init                           0x08002c54   Section        0  usbd_conf.o(i.USBD_LL_Init)
    i.USBD_LL_IsStallEP                      0x08002cd8   Section        0  usbd_conf.o(i.USBD_LL_IsStallEP)
    i.USBD_LL_OpenEP                         0x08002cf4   Section        0  usbd_conf.o(i.USBD_LL_OpenEP)
    i.USBD_LL_PrepareReceive                 0x08002d08   Section        0  usbd_conf.o(i.USBD_LL_PrepareReceive)
    i.USBD_LL_Reset                          0x08002d16   Section        0  usbd_core.o(i.USBD_LL_Reset)
    i.USBD_LL_Resume                         0x08002d54   Section        0  usbd_core.o(i.USBD_LL_Resume)
    i.USBD_LL_SOF                            0x08002d60   Section        0  usbd_core.o(i.USBD_LL_SOF)
    i.USBD_LL_SetSpeed                       0x08002d78   Section        0  usbd_core.o(i.USBD_LL_SetSpeed)
    i.USBD_LL_SetUSBAddress                  0x08002d7e   Section        0  usbd_conf.o(i.USBD_LL_SetUSBAddress)
    i.USBD_LL_SetupStage                     0x08002d8c   Section        0  usbd_core.o(i.USBD_LL_SetupStage)
    i.USBD_LL_StallEP                        0x08002de6   Section        0  usbd_conf.o(i.USBD_LL_StallEP)
    i.USBD_LL_Start                          0x08002df4   Section        0  usbd_conf.o(i.USBD_LL_Start)
    i.USBD_LL_Suspend                        0x08002e02   Section        0  usbd_core.o(i.USBD_LL_Suspend)
    i.USBD_LL_Transmit                       0x08002e14   Section        0  usbd_conf.o(i.USBD_LL_Transmit)
    i.USBD_ParseSetupRequest                 0x08002e22   Section        0  usbd_ctlreq.o(i.USBD_ParseSetupRequest)
    i.USBD_RegisterClass                     0x08002e4a   Section        0  usbd_core.o(i.USBD_RegisterClass)
    i.USBD_SetClassConfig                    0x08002e5a   Section        0  usbd_core.o(i.USBD_SetClassConfig)
    i.USBD_SetConfig                         0x08002e70   Section        0  usbd_ctlreq.o(i.USBD_SetConfig)
    USBD_SetConfig                           0x08002e71   Thumb Code   110  usbd_ctlreq.o(i.USBD_SetConfig)
    i.USBD_Start                             0x08002ee4   Section        0  usbd_core.o(i.USBD_Start)
    i.USBD_StdDevReq                         0x08002eee   Section        0  usbd_ctlreq.o(i.USBD_StdDevReq)
    i.USBD_StdEPReq                          0x08002fe0   Section        0  usbd_ctlreq.o(i.USBD_StdEPReq)
    i.USBD_StdItfReq                         0x080030bc   Section        0  usbd_ctlreq.o(i.USBD_StdItfReq)
    i.USBD_static_free                       0x080030f0   Section        0  usbd_conf.o(i.USBD_static_free)
    i.USBD_static_malloc                     0x080030f4   Section        0  usbd_conf.o(i.USBD_static_malloc)
    i.USB_ActivateEndpoint                   0x080030fc   Section        0  stm32f1xx_ll_usb.o(i.USB_ActivateEndpoint)
    i.USB_CoreInit                           0x08003358   Section        0  stm32f1xx_ll_usb.o(i.USB_CoreInit)
    i.USB_DeactivateEndpoint                 0x0800335c   Section        0  stm32f1xx_ll_usb.o(i.USB_DeactivateEndpoint)
    i.USB_DevConnect                         0x08003480   Section        0  stm32f1xx_ll_usb.o(i.USB_DevConnect)
    i.USB_DevDisconnect                      0x08003484   Section        0  stm32f1xx_ll_usb.o(i.USB_DevDisconnect)
    i.USB_DevInit                            0x08003488   Section        0  stm32f1xx_ll_usb.o(i.USB_DevInit)
    i.USB_DisableGlobalInt                   0x0800349a   Section        0  stm32f1xx_ll_usb.o(i.USB_DisableGlobalInt)
    i.USB_EP0_OutStart                       0x080034a8   Section        0  stm32f1xx_ll_usb.o(i.USB_EP0_OutStart)
    i.USB_EPClearStall                       0x080034ac   Section        0  stm32f1xx_ll_usb.o(i.USB_EPClearStall)
    i.USB_EPSetStall                         0x08003516   Section        0  stm32f1xx_ll_usb.o(i.USB_EPSetStall)
    i.USB_EPStartXfer                        0x08003560   Section        0  stm32f1xx_ll_usb.o(i.USB_EPStartXfer)
    i.USB_EnableGlobalInt                    0x0800370a   Section        0  stm32f1xx_ll_usb.o(i.USB_EnableGlobalInt)
    i.USB_LP_CAN1_RX0_IRQHandler             0x08003718   Section        0  stm32f1xx_it.o(i.USB_LP_CAN1_RX0_IRQHandler)
    i.USB_ReadInterrupts                     0x08003724   Section        0  stm32f1xx_ll_usb.o(i.USB_ReadInterrupts)
    i.USB_ReadPMA                            0x0800372c   Section        0  stm32f1xx_ll_usb.o(i.USB_ReadPMA)
    i.USB_SetCurrentMode                     0x0800374a   Section        0  stm32f1xx_ll_usb.o(i.USB_SetCurrentMode)
    i.USB_SetDevAddress                      0x0800374e   Section        0  stm32f1xx_ll_usb.o(i.USB_SetDevAddress)
    i.USB_WritePMA                           0x0800375a   Section        0  stm32f1xx_ll_usb.o(i.USB_WritePMA)
    i.UsageFault_Handler                     0x08003780   Section        0  stm32f1xx_it.o(i.UsageFault_Handler)
    i.__scatterload_copy                     0x08003782   Section       14  handlers.o(i.__scatterload_copy)
    i.__scatterload_null                     0x08003790   Section        2  handlers.o(i.__scatterload_null)
    i.__scatterload_zeroinit                 0x08003792   Section       14  handlers.o(i.__scatterload_zeroinit)
    i.char_to_hex                            0x080037a0   Section        0  main.o(i.char_to_hex)
    i.led                                    0x080037e0   Section        0  main.o(i.led)
    i.main                                   0x08003820   Section        0  main.o(i.main)
    .constdata                               0x08003aac   Section       16  system_stm32f1xx.o(.constdata)
    .constdata                               0x08003abc   Section        8  system_stm32f1xx.o(.constdata)
    .data                                    0x20000000   Section        1  stm32f1xx_hal_spi_ex.o(.data)
    .data                                    0x20000004   Section        4  stm32f1xx_hal.o(.data)
    uwTick                                   0x20000004   Data           4  stm32f1xx_hal.o(.data)
    .data                                    0x20000008   Section        4  system_stm32f1xx.o(.data)
    .data                                    0x2000000c   Section      108  main.o(.data)
    .data                                    0x20000078   Section       16  usbd_cdc_if.o(.data)
    .data                                    0x20000088   Section        8  usbd_cdc_if.o(.data)
    .data                                    0x20000090   Section       28  usbd_desc.o(.data)
    .data                                    0x200000ac   Section       22  usbd_desc.o(.data)
    .data                                    0x200000c4   Section      219  usbd_cdc.o(.data)
    ifalt                                    0x200000c4   Data           1  usbd_cdc.o(.data)
    USBD_CDC_DeviceQualifierDesc             0x200000c8   Data          10  usbd_cdc.o(.data)
    .data                                    0x200001a0   Section       56  usbd_cdc.o(.data)
    .data                                    0x200001d8   Section        1  usbd_ctlreq.o(.data)
    cfgidx                                   0x200001d8   Data           1  usbd_ctlreq.o(.data)
    .bss                                     0x200001dc   Section      178  main.o(.bss)
    .bss                                     0x20000290   Section      548  usb_device.o(.bss)
    .bss                                     0x200004b4   Section     1600  usbd_conf.o(.bss)
    mem                                      0x200004b4   Data         544  usbd_conf.o(.bss)
    .bss                                     0x20000af4   Section      512  usbd_desc.o(.bss)
    STACK                                    0x20000cf8   Section     1024  startup_stm32f103xb.o(STACK)

    Global Symbols

    Symbol Name                              Value     Ov Type        Size  Object(Section)

    BuildAttributes$$THM_ISAv4$P$D$K$B$S$PE$A:L22UL41UL21$X:L11$S22US41US21$IEEE1$IW$USESV6$~STKCKD$USESV7$~SHL$OSPACE$EBA8$MICROLIB$REQ8$PRES8$EABIv2 0x00000000   Number         0  anon$$obj.o ABSOLUTE
    __ARM_use_no_argv                        0x00000000   Number         0  main.o ABSOLUTE
    __cpp_initialize__aeabi_                  - Undefined Weak Reference
    __cxa_finalize                            - Undefined Weak Reference
    _clock_init                               - Undefined Weak Reference
    _microlib_exit                            - Undefined Weak Reference
    __Vectors_Size                           0x000000ec   Number         0  startup_stm32f103xb.o ABSOLUTE
    __Vectors                                0x08000000   Data           4  startup_stm32f103xb.o(RESET)
    __Vectors_End                            0x080000ec   Data           0  startup_stm32f103xb.o(RESET)
    __main                                   0x080000ed   Thumb Code     0  entry.o(.ARM.Collect$$$$00000000)
    _main_stk                                0x080000ed   Thumb Code     0  entry2.o(.ARM.Collect$$$$00000001)
    _main_scatterload                        0x080000f1   Thumb Code     0  entry5.o(.ARM.Collect$$$$00000004)
    __main_after_scatterload                 0x080000f5   Thumb Code     0  entry5.o(.ARM.Collect$$$$00000004)
    _main_clock                              0x080000f5   Thumb Code     0  entry7b.o(.ARM.Collect$$$$00000008)
    _main_cpp_init                           0x080000f5   Thumb Code     0  entry8b.o(.ARM.Collect$$$$0000000A)
    _main_init                               0x080000f5   Thumb Code     0  entry9a.o(.ARM.Collect$$$$0000000B)
    __rt_final_cpp                           0x080000fd   Thumb Code     0  entry10a.o(.ARM.Collect$$$$0000000D)
    __rt_final_exit                          0x080000fd   Thumb Code     0  entry11a.o(.ARM.Collect$$$$0000000F)
    Reset_Handler                            0x08000101   Thumb Code     8  startup_stm32f103xb.o(.text)
    ADC1_2_IRQHandler                        0x0800011b   Thumb Code     0  startup_stm32f103xb.o(.text)
    CAN1_RX1_IRQHandler                      0x0800011b   Thumb Code     0  startup_stm32f103xb.o(.text)
    CAN1_SCE_IRQHandler                      0x0800011b   Thumb Code     0  startup_stm32f103xb.o(.text)
    DMA1_Channel1_IRQHandler                 0x0800011b   Thumb Code     0  startup_stm32f103xb.o(.text)
    DMA1_Channel2_IRQHandler                 0x0800011b   Thumb Code     0  startup_stm32f103xb.o(.text)
    DMA1_Channel3_IRQHandler                 0x0800011b   Thumb Code     0  startup_stm32f103xb.o(.text)
    DMA1_Channel4_IRQHandler                 0x0800011b   Thumb Code     0  startup_stm32f103xb.o(.text)
    DMA1_Channel5_IRQHandler                 0x0800011b   Thumb Code     0  startup_stm32f103xb.o(.text)
    DMA1_Channel6_IRQHandler                 0x0800011b   Thumb Code     0  startup_stm32f103xb.o(.text)
    DMA1_Channel7_IRQHandler                 0x0800011b   Thumb Code     0  startup_stm32f103xb.o(.text)
    EXTI0_IRQHandler                         0x0800011b   Thumb Code     0  startup_stm32f103xb.o(.text)
    EXTI15_10_IRQHandler                     0x0800011b   Thumb Code     0  startup_stm32f103xb.o(.text)
    EXTI1_IRQHandler                         0x0800011b   Thumb Code     0  startup_stm32f103xb.o(.text)
    EXTI2_IRQHandler                         0x0800011b   Thumb Code     0  startup_stm32f103xb.o(.text)
    EXTI3_IRQHandler                         0x0800011b   Thumb Code     0  startup_stm32f103xb.o(.text)
    EXTI4_IRQHandler                         0x0800011b   Thumb Code     0  startup_stm32f103xb.o(.text)
    EXTI9_5_IRQHandler                       0x0800011b   Thumb Code     0  startup_stm32f103xb.o(.text)
    FLASH_IRQHandler                         0x0800011b   Thumb Code     0  startup_stm32f103xb.o(.text)
    I2C1_ER_IRQHandler                       0x0800011b   Thumb Code     0  startup_stm32f103xb.o(.text)
    I2C1_EV_IRQHandler                       0x0800011b   Thumb Code     0  startup_stm32f103xb.o(.text)
    I2C2_ER_IRQHandler                       0x0800011b   Thumb Code     0  startup_stm32f103xb.o(.text)
    I2C2_EV_IRQHandler                       0x0800011b   Thumb Code     0  startup_stm32f103xb.o(.text)
    PVD_IRQHandler                           0x0800011b   Thumb Code     0  startup_stm32f103xb.o(.text)
    RCC_IRQHandler                           0x0800011b   Thumb Code     0  startup_stm32f103xb.o(.text)
    RTC_Alarm_IRQHandler                     0x0800011b   Thumb Code     0  startup_stm32f103xb.o(.text)
    RTC_IRQHandler                           0x0800011b   Thumb Code     0  startup_stm32f103xb.o(.text)
    SPI1_IRQHandler                          0x0800011b   Thumb Code     0  startup_stm32f103xb.o(.text)
    SPI2_IRQHandler                          0x0800011b   Thumb Code     0  startup_stm32f103xb.o(.text)
    TAMPER_IRQHandler                        0x0800011b   Thumb Code     0  startup_stm32f103xb.o(.text)
    TIM1_BRK_IRQHandler                      0x0800011b   Thumb Code     0  startup_stm32f103xb.o(.text)
    TIM1_CC_IRQHandler                       0x0800011b   Thumb Code     0  startup_stm32f103xb.o(.text)
    TIM1_TRG_COM_IRQHandler                  0x0800011b   Thumb Code     0  startup_stm32f103xb.o(.text)
    TIM1_UP_IRQHandler                       0x0800011b   Thumb Code     0  startup_stm32f103xb.o(.text)
    TIM2_IRQHandler                          0x0800011b   Thumb Code     0  startup_stm32f103xb.o(.text)
    TIM3_IRQHandler                          0x0800011b   Thumb Code     0  startup_stm32f103xb.o(.text)
    TIM4_IRQHandler                          0x0800011b   Thumb Code     0  startup_stm32f103xb.o(.text)
    USART2_IRQHandler                        0x0800011b   Thumb Code     0  startup_stm32f103xb.o(.text)
    USART3_IRQHandler                        0x0800011b   Thumb Code     0  startup_stm32f103xb.o(.text)
    USBWakeUp_IRQHandler                     0x0800011b   Thumb Code     0  startup_stm32f103xb.o(.text)
    USB_HP_CAN1_TX_IRQHandler                0x0800011b   Thumb Code     0  startup_stm32f103xb.o(.text)
    WWDG_IRQHandler                          0x0800011b   Thumb Code     0  startup_stm32f103xb.o(.text)
    __aeabi_memcpy                           0x08000125   Thumb Code    36  memcpya.o(.text)
    __aeabi_memcpy4                          0x08000125   Thumb Code     0  memcpya.o(.text)
    __aeabi_memcpy8                          0x08000125   Thumb Code     0  memcpya.o(.text)
    __scatterload                            0x08000149   Thumb Code    28  init.o(.text)
    __scatterload_rt2                        0x08000149   Thumb Code     0  init.o(.text)
    __decompress                             0x0800016d   Thumb Code     0  __dczerorl2.o(.text)
    __decompress1                            0x0800016d   Thumb Code    86  __dczerorl2.o(.text)
    BusFault_Handler                         0x080001c3   Thumb Code     2  stm32f1xx_it.o(i.BusFault_Handler)
    CDC_Transmit_FS                          0x08000209   Thumb Code    38  usbd_cdc_if.o(i.CDC_Transmit_FS)
    DebugMon_Handler                         0x08000235   Thumb Code     2  stm32f1xx_it.o(i.DebugMon_Handler)
    Error_Handler                            0x08000237   Thumb Code     2  main.o(i.Error_Handler)
    HAL_Delay                                0x08000239   Thumb Code    22  stm32f1xx_hal.o(i.HAL_Delay)
    HAL_GPIO_Init                            0x08000251   Thumb Code   408  stm32f1xx_hal_gpio.o(i.HAL_GPIO_Init)
    HAL_GPIO_ReadPin                         0x0800040d   Thumb Code    10  stm32f1xx_hal_gpio.o(i.HAL_GPIO_ReadPin)
    HAL_GPIO_WritePin                        0x08000417   Thumb Code    10  stm32f1xx_hal_gpio.o(i.HAL_GPIO_WritePin)
    HAL_GetTick                              0x08000421   Thumb Code     6  stm32f1xx_hal.o(i.HAL_GetTick)
    HAL_IncTick                              0x0800042d   Thumb Code    10  stm32f1xx_hal.o(i.HAL_IncTick)
    HAL_Init                                 0x0800043d   Thumb Code    32  stm32f1xx_hal.o(i.HAL_Init)
    HAL_InitTick                             0x08000461   Thumb Code    34  stm32f1xx_hal.o(i.HAL_InitTick)
    HAL_MspInit                              0x08000485   Thumb Code   118  stm32f1xx_hal_msp.o(i.HAL_MspInit)
    HAL_NVIC_EnableIRQ                       0x08000505   Thumb Code    22  stm32f1xx_hal_cortex.o(i.HAL_NVIC_EnableIRQ)
    HAL_NVIC_SetPriority                     0x0800051d   Thumb Code    60  stm32f1xx_hal_cortex.o(i.HAL_NVIC_SetPriority)
    HAL_NVIC_SetPriorityGrouping             0x0800055d   Thumb Code    26  stm32f1xx_hal_cortex.o(i.HAL_NVIC_SetPriorityGrouping)
    HAL_PCDEx_PMAConfig                      0x08000581   Thumb Code    52  stm32f1xx_hal_pcd_ex.o(i.HAL_PCDEx_PMAConfig)
    HAL_PCDEx_SetConnectionState             0x080005b5   Thumb Code     2  usbd_conf.o(i.HAL_PCDEx_SetConnectionState)
    HAL_PCD_DataInStageCallback              0x080005b7   Thumb Code    14  usbd_conf.o(i.HAL_PCD_DataInStageCallback)
    HAL_PCD_DataOutStageCallback             0x080005c5   Thumb Code    16  usbd_conf.o(i.HAL_PCD_DataOutStageCallback)
    HAL_PCD_EP_Close                         0x080005d5   Thumb Code    64  stm32f1xx_hal_pcd.o(i.HAL_PCD_EP_Close)
    HAL_PCD_EP_ClrStall                      0x08000615   Thumb Code    72  stm32f1xx_hal_pcd.o(i.HAL_PCD_EP_ClrStall)
    HAL_PCD_EP_GetRxCount                    0x0800065d   Thumb Code    16  stm32f1xx_hal_pcd.o(i.HAL_PCD_EP_GetRxCount)
    HAL_PCD_EP_Open                          0x0800066d   Thumb Code    68  stm32f1xx_hal_pcd.o(i.HAL_PCD_EP_Open)
    HAL_PCD_EP_Receive                       0x080006b1   Thumb Code    64  stm32f1xx_hal_pcd.o(i.HAL_PCD_EP_Receive)
    HAL_PCD_EP_SetStall                      0x080006f1   Thumb Code    86  stm32f1xx_hal_pcd.o(i.HAL_PCD_EP_SetStall)
    HAL_PCD_EP_Transmit                      0x08000747   Thumb Code    62  stm32f1xx_hal_pcd.o(i.HAL_PCD_EP_Transmit)
    HAL_PCD_IRQHandler                       0x08000785   Thumb Code   266  stm32f1xx_hal_pcd.o(i.HAL_PCD_IRQHandler)
    HAL_PCD_Init                             0x08000891   Thumb Code   192  stm32f1xx_hal_pcd.o(i.HAL_PCD_Init)
    HAL_PCD_MspInit                          0x08000951   Thumb Code    50  usbd_conf.o(i.HAL_PCD_MspInit)
    HAL_PCD_ResetCallback                    0x0800098d   Thumb Code    26  usbd_conf.o(i.HAL_PCD_ResetCallback)
    HAL_PCD_ResumeCallback                   0x080009a7   Thumb Code     8  usbd_conf.o(i.HAL_PCD_ResumeCallback)
    HAL_PCD_SOFCallback                      0x080009af   Thumb Code     8  usbd_conf.o(i.HAL_PCD_SOFCallback)
    HAL_PCD_SetAddress                       0x080009b7   Thumb Code    40  stm32f1xx_hal_pcd.o(i.HAL_PCD_SetAddress)
    HAL_PCD_SetupStageCallback               0x080009df   Thumb Code    14  usbd_conf.o(i.HAL_PCD_SetupStageCallback)
    HAL_PCD_Start                            0x080009ed   Thumb Code    50  stm32f1xx_hal_pcd.o(i.HAL_PCD_Start)
    HAL_PCD_SuspendCallback                  0x08000a21   Thumb Code    30  usbd_conf.o(i.HAL_PCD_SuspendCallback)
    HAL_RCCEx_PeriphCLKConfig                0x08000a45   Thumb Code   288  stm32f1xx_hal_rcc_ex.o(i.HAL_RCCEx_PeriphCLKConfig)
    HAL_RCC_ClockConfig                      0x08000b71   Thumb Code   374  stm32f1xx_hal_rcc.o(i.HAL_RCC_ClockConfig)
    HAL_RCC_GetHCLKFreq                      0x08000cf9   Thumb Code     6  stm32f1xx_hal_rcc.o(i.HAL_RCC_GetHCLKFreq)
    HAL_RCC_GetPCLK1Freq                     0x08000d05   Thumb Code    34  stm32f1xx_hal_rcc.o(i.HAL_RCC_GetPCLK1Freq)
    HAL_RCC_GetPCLK2Freq                     0x08000d35   Thumb Code    34  stm32f1xx_hal_rcc.o(i.HAL_RCC_GetPCLK2Freq)
    HAL_RCC_GetSysClockFreq                  0x08000d65   Thumb Code   102  stm32f1xx_hal_rcc.o(i.HAL_RCC_GetSysClockFreq)
    HAL_RCC_OscConfig                        0x08000ded   Thumb Code  1406  stm32f1xx_hal_rcc.o(i.HAL_RCC_OscConfig)
    HAL_SPI_Init                             0x0800136d   Thumb Code   132  stm32f1xx_hal_spi_ex.o(i.HAL_SPI_Init)
    HAL_SPI_MspInit                          0x080013f5   Thumb Code    74  stm32f1xx_hal_msp.o(i.HAL_SPI_MspInit)
    HAL_SPI_TransmitReceive                  0x0800144d   Thumb Code   690  stm32f1xx_hal_spi.o(i.HAL_SPI_TransmitReceive)
    HAL_SYSTICK_CLKSourceConfig              0x080016ff   Thumb Code    24  stm32f1xx_hal_cortex.o(i.HAL_SYSTICK_CLKSourceConfig)
    HAL_SYSTICK_Callback                     0x08001717   Thumb Code     2  stm32f1xx_hal_cortex.o(i.HAL_SYSTICK_Callback)
    HAL_SYSTICK_Config                       0x08001719   Thumb Code    40  stm32f1xx_hal_cortex.o(i.HAL_SYSTICK_Config)
    HAL_SYSTICK_IRQHandler                   0x08001741   Thumb Code     8  stm32f1xx_hal_cortex.o(i.HAL_SYSTICK_IRQHandler)
    HAL_UART_ErrorCallback                   0x08001749   Thumb Code     2  stm32f1xx_hal_uart.o(i.HAL_UART_ErrorCallback)
    HAL_UART_IRQHandler                      0x0800174d   Thumb Code   218  stm32f1xx_hal_uart.o(i.HAL_UART_IRQHandler)
    HAL_UART_Init                            0x08001827   Thumb Code    94  stm32f1xx_hal_uart.o(i.HAL_UART_Init)
    HAL_UART_MspInit                         0x08001885   Thumb Code    92  stm32f1xx_hal_msp.o(i.HAL_UART_MspInit)
    HAL_UART_Receive_IT                      0x080018ed   Thumb Code   106  stm32f1xx_hal_uart.o(i.HAL_UART_Receive_IT)
    HAL_UART_RxCpltCallback                  0x08001957   Thumb Code     2  stm32f1xx_hal_uart.o(i.HAL_UART_RxCpltCallback)
    HAL_UART_Transmit                        0x08001959   Thumb Code   204  stm32f1xx_hal_uart.o(i.HAL_UART_Transmit)
    HAL_UART_TxCpltCallback                  0x08001a25   Thumb Code     2  stm32f1xx_hal_uart.o(i.HAL_UART_TxCpltCallback)
    HardFault_Handler                        0x08001a27   Thumb Code     2  stm32f1xx_it.o(i.HardFault_Handler)
    MFRC522_AntennaOn                        0x08001a29   Thumb Code    26  rc522.o(i.MFRC522_AntennaOn)
    MFRC522_Anticoll                         0x08001a43   Thumb Code    66  rc522.o(i.MFRC522_Anticoll)
    MFRC522_ClearBitMask                     0x08001a85   Thumb Code    24  rc522.o(i.MFRC522_ClearBitMask)
    MFRC522_Init                             0x08001a9d   Thumb Code    78  rc522.o(i.MFRC522_Init)
    MFRC522_ReadRegister                     0x08001aeb   Thumb Code    14  rc522.o(i.MFRC522_ReadRegister)
    MFRC522_Request                          0x08001af9   Thumb Code    46  rc522.o(i.MFRC522_Request)
    MFRC522_Reset                            0x08001b27   Thumb Code     8  rc522.o(i.MFRC522_Reset)
    MFRC522_SetBitMask                       0x08001b2f   Thumb Code    24  rc522.o(i.MFRC522_SetBitMask)
    MFRC522_ToCard                           0x08001b47   Thumb Code   276  rc522.o(i.MFRC522_ToCard)
    MFRC522_WriteRegister                    0x08001c5b   Thumb Code    10  rc522.o(i.MFRC522_WriteRegister)
    MX_USB_DEVICE_Init                       0x08001d39   Thumb Code    38  usb_device.o(i.MX_USB_DEVICE_Init)
    MemManage_Handler                        0x08001d71   Thumb Code     2  stm32f1xx_it.o(i.MemManage_Handler)
    NMI_Handler                              0x08001d73   Thumb Code     2  stm32f1xx_it.o(i.NMI_Handler)
    PendSV_Handler                           0x080020f7   Thumb Code     2  stm32f1xx_it.o(i.PendSV_Handler)
    SPI1SendByte                             0x080020f9   Thumb Code    28  rc522.o(i.SPI1SendByte)
    SPI1_ReadReg                             0x08002119   Thumb Code    44  rc522.o(i.SPI1_ReadReg)
    SPI1_WriteReg                            0x08002149   Thumb Code    44  rc522.o(i.SPI1_WriteReg)
    SVC_Handler                              0x08002217   Thumb Code     2  stm32f1xx_it.o(i.SVC_Handler)
    SysTick_Handler                          0x08002219   Thumb Code    14  stm32f1xx_it.o(i.SysTick_Handler)
    SystemClock_Config                       0x08002227   Thumb Code   118  main.o(i.SystemClock_Config)
    SystemInit                               0x0800229d   Thumb Code    56  system_stm32f1xx.o(i.SystemInit)
    USART1_IRQHandler                        0x080025f5   Thumb Code     6  stm32f1xx_it.o(i.USART1_IRQHandler)
    USBD_CDC_GetDeviceQualifierDescriptor    0x080026a5   Thumb Code     8  usbd_cdc.o(i.USBD_CDC_GetDeviceQualifierDescriptor)
    USBD_CDC_ReceivePacket                   0x0800275d   Thumb Code    40  usbd_cdc.o(i.USBD_CDC_ReceivePacket)
    USBD_CDC_RegisterInterface               0x08002785   Thumb Code    16  usbd_cdc.o(i.USBD_CDC_RegisterInterface)
    USBD_CDC_SetRxBuffer                     0x08002795   Thumb Code    12  usbd_cdc.o(i.USBD_CDC_SetRxBuffer)
    USBD_CDC_SetTxBuffer                     0x080027a1   Thumb Code    16  usbd_cdc.o(i.USBD_CDC_SetTxBuffer)
    USBD_CDC_TransmitPacket                  0x08002821   Thumb Code    48  usbd_cdc.o(i.USBD_CDC_TransmitPacket)
    USBD_ClrClassConfig                      0x08002851   Thumb Code    14  usbd_core.o(i.USBD_ClrClassConfig)
    USBD_CtlContinueRx                       0x0800285f   Thumb Code    16  usbd_ioreq.o(i.USBD_CtlContinueRx)
    USBD_CtlContinueSendData                 0x0800286f   Thumb Code    16  usbd_ioreq.o(i.USBD_CtlContinueSendData)
    USBD_CtlError                            0x0800287f   Thumb Code    22  usbd_ctlreq.o(i.USBD_CtlError)
    USBD_CtlPrepareRx                        0x08002895   Thumb Code    30  usbd_ioreq.o(i.USBD_CtlPrepareRx)
    USBD_CtlReceiveStatus                    0x080028b3   Thumb Code    22  usbd_ioreq.o(i.USBD_CtlReceiveStatus)
    USBD_CtlSendData                         0x080028c9   Thumb Code    26  usbd_ioreq.o(i.USBD_CtlSendData)
    USBD_CtlSendStatus                       0x080028e3   Thumb Code    22  usbd_ioreq.o(i.USBD_CtlSendStatus)
    USBD_FS_ConfigStrDescriptor              0x080028f9   Thumb Code    16  usbd_desc.o(i.USBD_FS_ConfigStrDescriptor)
    USBD_FS_DeviceDescriptor                 0x08002919   Thumb Code     8  usbd_desc.o(i.USBD_FS_DeviceDescriptor)
    USBD_FS_InterfaceStrDescriptor           0x08002925   Thumb Code    16  usbd_desc.o(i.USBD_FS_InterfaceStrDescriptor)
    USBD_FS_LangIDStrDescriptor              0x08002949   Thumb Code     8  usbd_desc.o(i.USBD_FS_LangIDStrDescriptor)
    USBD_FS_ManufacturerStrDescriptor        0x08002955   Thumb Code    16  usbd_desc.o(i.USBD_FS_ManufacturerStrDescriptor)
    USBD_FS_ProductStrDescriptor             0x0800297d   Thumb Code    16  usbd_desc.o(i.USBD_FS_ProductStrDescriptor)
    USBD_FS_SerialStrDescriptor              0x080029a9   Thumb Code    16  usbd_desc.o(i.USBD_FS_SerialStrDescriptor)
    USBD_GetString                           0x08002aad   Thumb Code    70  usbd_ctlreq.o(i.USBD_GetString)
    USBD_Init                                0x08002af3   Thumb Code    42  usbd_core.o(i.USBD_Init)
    USBD_LL_ClearStallEP                     0x08002b1d   Thumb Code    14  usbd_conf.o(i.USBD_LL_ClearStallEP)
    USBD_LL_CloseEP                          0x08002b2b   Thumb Code    14  usbd_conf.o(i.USBD_LL_CloseEP)
    USBD_LL_DataInStage                      0x08002b39   Thumb Code   170  usbd_core.o(i.USBD_LL_DataInStage)
    USBD_LL_DataOutStage                     0x08002be3   Thumb Code   106  usbd_core.o(i.USBD_LL_DataOutStage)
    USBD_LL_GetRxDataSize                    0x08002c4d   Thumb Code     8  usbd_conf.o(i.USBD_LL_GetRxDataSize)
    USBD_LL_Init                             0x08002c55   Thumb Code   124  usbd_conf.o(i.USBD_LL_Init)
    USBD_LL_IsStallEP                        0x08002cd9   Thumb Code    28  usbd_conf.o(i.USBD_LL_IsStallEP)
    USBD_LL_OpenEP                           0x08002cf5   Thumb Code    20  usbd_conf.o(i.USBD_LL_OpenEP)
    USBD_LL_PrepareReceive                   0x08002d09   Thumb Code    14  usbd_conf.o(i.USBD_LL_PrepareReceive)
    USBD_LL_Reset                            0x08002d17   Thumb Code    62  usbd_core.o(i.USBD_LL_Reset)
    USBD_LL_Resume                           0x08002d55   Thumb Code    12  usbd_core.o(i.USBD_LL_Resume)
    USBD_LL_SOF                              0x08002d61   Thumb Code    24  usbd_core.o(i.USBD_LL_SOF)
    USBD_LL_SetSpeed                         0x08002d79   Thumb Code     6  usbd_core.o(i.USBD_LL_SetSpeed)
    USBD_LL_SetUSBAddress                    0x08002d7f   Thumb Code    14  usbd_conf.o(i.USBD_LL_SetUSBAddress)
    USBD_LL_SetupStage                       0x08002d8d   Thumb Code    90  usbd_core.o(i.USBD_LL_SetupStage)
    USBD_LL_StallEP                          0x08002de7   Thumb Code    14  usbd_conf.o(i.USBD_LL_StallEP)
    USBD_LL_Start                            0x08002df5   Thumb Code    14  usbd_conf.o(i.USBD_LL_Start)
    USBD_LL_Suspend                          0x08002e03   Thumb Code    18  usbd_core.o(i.USBD_LL_Suspend)
    USBD_LL_Transmit                         0x08002e15   Thumb Code    14  usbd_conf.o(i.USBD_LL_Transmit)
    USBD_ParseSetupRequest                   0x08002e23   Thumb Code    40  usbd_ctlreq.o(i.USBD_ParseSetupRequest)
    USBD_RegisterClass                       0x08002e4b   Thumb Code    16  usbd_core.o(i.USBD_RegisterClass)
    USBD_SetClassConfig                      0x08002e5b   Thumb Code    22  usbd_core.o(i.USBD_SetClassConfig)
    USBD_Start                               0x08002ee5   Thumb Code    10  usbd_core.o(i.USBD_Start)
    USBD_StdDevReq                           0x08002eef   Thumb Code   242  usbd_ctlreq.o(i.USBD_StdDevReq)
    USBD_StdEPReq                            0x08002fe1   Thumb Code   220  usbd_ctlreq.o(i.USBD_StdEPReq)
    USBD_StdItfReq                           0x080030bd   Thumb Code    52  usbd_ctlreq.o(i.USBD_StdItfReq)
    USBD_static_free                         0x080030f1   Thumb Code     2  usbd_conf.o(i.USBD_static_free)
    USBD_static_malloc                       0x080030f5   Thumb Code     4  usbd_conf.o(i.USBD_static_malloc)
    USB_ActivateEndpoint                     0x080030fd   Thumb Code   604  stm32f1xx_ll_usb.o(i.USB_ActivateEndpoint)
    USB_CoreInit                             0x08003359   Thumb Code     4  stm32f1xx_ll_usb.o(i.USB_CoreInit)
    USB_DeactivateEndpoint                   0x0800335d   Thumb Code   292  stm32f1xx_ll_usb.o(i.USB_DeactivateEndpoint)
    USB_DevConnect                           0x08003481   Thumb Code     4  stm32f1xx_ll_usb.o(i.USB_DevConnect)
    USB_DevDisconnect                        0x08003485   Thumb Code     4  stm32f1xx_ll_usb.o(i.USB_DevDisconnect)
    USB_DevInit                              0x08003489   Thumb Code    18  stm32f1xx_ll_usb.o(i.USB_DevInit)
    USB_DisableGlobalInt                     0x0800349b   Thumb Code    14  stm32f1xx_ll_usb.o(i.USB_DisableGlobalInt)
    USB_EP0_OutStart                         0x080034a9   Thumb Code     4  stm32f1xx_ll_usb.o(i.USB_EP0_OutStart)
    USB_EPClearStall                         0x080034ad   Thumb Code   106  stm32f1xx_ll_usb.o(i.USB_EPClearStall)
    USB_EPSetStall                           0x08003517   Thumb Code    74  stm32f1xx_ll_usb.o(i.USB_EPSetStall)
    USB_EPStartXfer                          0x08003561   Thumb Code   426  stm32f1xx_ll_usb.o(i.USB_EPStartXfer)
    USB_EnableGlobalInt                      0x0800370b   Thumb Code    14  stm32f1xx_ll_usb.o(i.USB_EnableGlobalInt)
    USB_LP_CAN1_RX0_IRQHandler               0x08003719   Thumb Code     6  stm32f1xx_it.o(i.USB_LP_CAN1_RX0_IRQHandler)
    USB_ReadInterrupts                       0x08003725   Thumb Code     6  stm32f1xx_ll_usb.o(i.USB_ReadInterrupts)
    USB_ReadPMA                              0x0800372d   Thumb Code    30  stm32f1xx_ll_usb.o(i.USB_ReadPMA)
    USB_SetCurrentMode                       0x0800374b   Thumb Code     4  stm32f1xx_ll_usb.o(i.USB_SetCurrentMode)
    USB_SetDevAddress                        0x0800374f   Thumb Code    12  stm32f1xx_ll_usb.o(i.USB_SetDevAddress)
    USB_WritePMA                             0x0800375b   Thumb Code    38  stm32f1xx_ll_usb.o(i.USB_WritePMA)
    UsageFault_Handler                       0x08003781   Thumb Code     2  stm32f1xx_it.o(i.UsageFault_Handler)
    __scatterload_copy                       0x08003783   Thumb Code    14  handlers.o(i.__scatterload_copy)
    __scatterload_null                       0x08003791   Thumb Code     2  handlers.o(i.__scatterload_null)
    __scatterload_zeroinit                   0x08003793   Thumb Code    14  handlers.o(i.__scatterload_zeroinit)
    char_to_hex                              0x080037a1   Thumb Code    42  main.o(i.char_to_hex)
    led                                      0x080037e1   Thumb Code    60  main.o(i.led)
    main                                     0x08003821   Thumb Code   636  main.o(i.main)
    AHBPrescTable                            0x08003aac   Data          16  system_stm32f1xx.o(.constdata)
    APBPrescTable                            0x08003abc   Data           8  system_stm32f1xx.o(.constdata)
    Region$$Table$$Base                      0x08003ac4   Number         0  anon$$obj.o(Region$$Table)
    Region$$Table$$Limit                     0x08003ae4   Number         0  anon$$obj.o(Region$$Table)
    uCRCErrorWorkaroundCheck                 0x20000000   Data           1  stm32f1xx_hal_spi_ex.o(.data)
    SystemCoreClock                          0x20000008   Data           4  system_stm32f1xx.o(.data)
    i                                        0x2000000c   Data           1  main.o(.data)
    j                                        0x2000000d   Data           1  main.o(.data)
    b                                        0x2000000e   Data           1  main.o(.data)
    q                                        0x2000000f   Data           1  main.o(.data)
    en                                       0x20000010   Data           1  main.o(.data)
    ok                                       0x20000011   Data           1  main.o(.data)
    comand                                   0x20000012   Data           1  main.o(.data)
    lastID                                   0x20000013   Data           4  main.o(.data)
    memID                                    0x20000017   Data           8  main.o(.data)
    rxBuffer                                 0x2000001f   Data           8  main.o(.data)
    text1                                    0x20000027   Data          63  main.o(.data)
    txBuffer                                 0x20000066   Data          18  main.o(.data)
    USBD_Interface_fops_FS                   0x20000078   Data          16  usbd_cdc_if.o(.data)
    UserRxBufferFS                           0x20000088   Data           4  usbd_cdc_if.o(.data)
    UserTxBufferFS                           0x2000008c   Data           4  usbd_cdc_if.o(.data)
    FS_Desc                                  0x20000090   Data          28  usbd_desc.o(.data)
    USBD_LangIDDesc                          0x200000ac   Data           4  usbd_desc.o(.data)
    USBD_FS_DeviceDesc                       0x200000b0   Data          18  usbd_desc.o(.data)
    USBD_CDC_CfgHSDesc                       0x200000d4   Data          67  usbd_cdc.o(.data)
    USBD_CDC_CfgFSDesc                       0x20000118   Data          67  usbd_cdc.o(.data)
    USBD_CDC_OtherSpeedCfgDesc               0x2000015c   Data          67  usbd_cdc.o(.data)
    USBD_CDC                                 0x200001a0   Data          56  usbd_cdc.o(.data)
    hspi1                                    0x200001dc   Data          88  main.o(.bss)
    huart1                                   0x20000234   Data          64  main.o(.bss)
    retstr                                   0x20000274   Data          10  main.o(.bss)
    str                                      0x2000027e   Data          16  main.o(.bss)
    hUsbDeviceFS                             0x20000290   Data         548  usb_device.o(.bss)
    hpcd_USB_FS                              0x200006d4   Data        1056  usbd_conf.o(.bss)
    USBD_StrDesc                             0x20000af4   Data         512  usbd_desc.o(.bss)
    __initial_sp                             0x200010f8   Data           0  startup_stm32f103xb.o(STACK)



==============================================================================

Memory Map of the image

  Image Entry point : 0x080000ed

  Load Region LR_IROM1 (Base: 0x08000000, Size: 0x00003cc0, Max: 0x00010000, ABSOLUTE, COMPRESSED[0x00003bf4])

    Execution Region ER_IROM1 (Exec base: 0x08000000, Load base: 0x08000000, Size: 0x00003ae4, Max: 0x00010000, ABSOLUTE)

    Exec Addr    Load Addr    Size         Type   Attr      Idx    E Section Name        Object

    0x08000000   0x08000000   0x000000ec   Data   RO         2003    RESET               startup_stm32f103xb.o
    0x080000ec   0x080000ec   0x00000000   Code   RO         3134  * .ARM.Collect$$$$00000000  mc_w.l(entry.o)
    0x080000ec   0x080000ec   0x00000004   Code   RO         3143    .ARM.Collect$$$$00000001  mc_w.l(entry2.o)
    0x080000f0   0x080000f0   0x00000004   Code   RO         3146    .ARM.Collect$$$$00000004  mc_w.l(entry5.o)
    0x080000f4   0x080000f4   0x00000000   Code   RO         3148    .ARM.Collect$$$$00000008  mc_w.l(entry7b.o)
    0x080000f4   0x080000f4   0x00000000   Code   RO         3150    .ARM.Collect$$$$0000000A  mc_w.l(entry8b.o)
    0x080000f4   0x080000f4   0x00000008   Code   RO         3151    .ARM.Collect$$$$0000000B  mc_w.l(entry9a.o)
    0x080000fc   0x080000fc   0x00000000   Code   RO         3153    .ARM.Collect$$$$0000000D  mc_w.l(entry10a.o)
    0x080000fc   0x080000fc   0x00000000   Code   RO         3155    .ARM.Collect$$$$0000000F  mc_w.l(entry11a.o)
    0x080000fc   0x080000fc   0x00000004   Code   RO         3144    .ARM.Collect$$$$00002712  mc_w.l(entry2.o)
    0x08000100   0x08000100   0x00000024   Code   RO         2004    .text               startup_stm32f103xb.o
    0x08000124   0x08000124   0x00000024   Code   RO         3139    .text               mc_w.l(memcpya.o)
    0x08000148   0x08000148   0x00000024   Code   RO         3157    .text               mc_w.l(init.o)
    0x0800016c   0x0800016c   0x00000056   Code   RO         3167    .text               mc_w.l(__dczerorl2.o)
    0x080001c2   0x080001c2   0x00000002   Code   RO         2059    i.BusFault_Handler  stm32f1xx_it.o
    0x080001c4   0x080001c4   0x00000004   Code   RO         2648    i.CDC_Control_FS    usbd_cdc_if.o
    0x080001c8   0x080001c8   0x00000004   Code   RO         2649    i.CDC_DeInit_FS     usbd_cdc_if.o
    0x080001cc   0x080001cc   0x00000024   Code   RO         2650    i.CDC_Init_FS       usbd_cdc_if.o
    0x080001f0   0x080001f0   0x00000018   Code   RO         2651    i.CDC_Receive_FS    usbd_cdc_if.o
    0x08000208   0x08000208   0x0000002c   Code   RO         2652    i.CDC_Transmit_FS   usbd_cdc_if.o
    0x08000234   0x08000234   0x00000002   Code   RO         2060    i.DebugMon_Handler  stm32f1xx_it.o
    0x08000236   0x08000236   0x00000002   Code   RO         2147    i.Error_Handler     main.o
    0x08000238   0x08000238   0x00000016   Code   RO         1300    i.HAL_Delay         stm32f1xx_hal.o
    0x0800024e   0x0800024e   0x00000002   PAD
    0x08000250   0x08000250   0x000001bc   Code   RO          828    i.HAL_GPIO_Init     stm32f1xx_hal_gpio.o
    0x0800040c   0x0800040c   0x0000000a   Code   RO          830    i.HAL_GPIO_ReadPin  stm32f1xx_hal_gpio.o
    0x08000416   0x08000416   0x0000000a   Code   RO          832    i.HAL_GPIO_WritePin  stm32f1xx_hal_gpio.o
    0x08000420   0x08000420   0x0000000c   Code   RO         1304    i.HAL_GetTick       stm32f1xx_hal.o
    0x0800042c   0x0800042c   0x00000010   Code   RO         1305    i.HAL_IncTick       stm32f1xx_hal.o
    0x0800043c   0x0800043c   0x00000024   Code   RO         1306    i.HAL_Init          stm32f1xx_hal.o
    0x08000460   0x08000460   0x00000022   Code   RO         1307    i.HAL_InitTick      stm32f1xx_hal.o
    0x08000482   0x08000482   0x00000002   PAD
    0x08000484   0x08000484   0x00000080   Code   RO         2011    i.HAL_MspInit       stm32f1xx_hal_msp.o
    0x08000504   0x08000504   0x00000016   Code   RO         1091    i.HAL_NVIC_EnableIRQ  stm32f1xx_hal_cortex.o
    0x0800051a   0x0800051a   0x00000002   PAD
    0x0800051c   0x0800051c   0x00000040   Code   RO         1097    i.HAL_NVIC_SetPriority  stm32f1xx_hal_cortex.o
    0x0800055c   0x0800055c   0x00000024   Code   RO         1098    i.HAL_NVIC_SetPriorityGrouping  stm32f1xx_hal_cortex.o
    0x08000580   0x08000580   0x00000034   Code   RO         1529    i.HAL_PCDEx_PMAConfig  stm32f1xx_hal_pcd_ex.o
    0x080005b4   0x080005b4   0x00000002   Code   RO         2441    i.HAL_PCDEx_SetConnectionState  usbd_conf.o
    0x080005b6   0x080005b6   0x0000000e   Code   RO         2443    i.HAL_PCD_DataInStageCallback  usbd_conf.o
    0x080005c4   0x080005c4   0x00000010   Code   RO         2444    i.HAL_PCD_DataOutStageCallback  usbd_conf.o
    0x080005d4   0x080005d4   0x00000040   Code   RO         1568    i.HAL_PCD_EP_Close  stm32f1xx_hal_pcd.o
    0x08000614   0x08000614   0x00000048   Code   RO         1569    i.HAL_PCD_EP_ClrStall  stm32f1xx_hal_pcd.o
    0x0800065c   0x0800065c   0x00000010   Code   RO         1571    i.HAL_PCD_EP_GetRxCount  stm32f1xx_hal_pcd.o
    0x0800066c   0x0800066c   0x00000044   Code   RO         1572    i.HAL_PCD_EP_Open   stm32f1xx_hal_pcd.o
    0x080006b0   0x080006b0   0x00000040   Code   RO         1573    i.HAL_PCD_EP_Receive  stm32f1xx_hal_pcd.o
    0x080006f0   0x080006f0   0x00000056   Code   RO         1574    i.HAL_PCD_EP_SetStall  stm32f1xx_hal_pcd.o
    0x08000746   0x08000746   0x0000003e   Code   RO         1575    i.HAL_PCD_EP_Transmit  stm32f1xx_hal_pcd.o
    0x08000784   0x08000784   0x0000010a   Code   RO         1577    i.HAL_PCD_IRQHandler  stm32f1xx_hal_pcd.o
    0x0800088e   0x0800088e   0x00000002   PAD
    0x08000890   0x08000890   0x000000c0   Code   RO         1580    i.HAL_PCD_Init      stm32f1xx_hal_pcd.o
    0x08000950   0x08000950   0x0000003c   Code   RO         2449    i.HAL_PCD_MspInit   usbd_conf.o
    0x0800098c   0x0800098c   0x0000001a   Code   RO         2450    i.HAL_PCD_ResetCallback  usbd_conf.o
    0x080009a6   0x080009a6   0x00000008   Code   RO         2451    i.HAL_PCD_ResumeCallback  usbd_conf.o
    0x080009ae   0x080009ae   0x00000008   Code   RO         2452    i.HAL_PCD_SOFCallback  usbd_conf.o
    0x080009b6   0x080009b6   0x00000028   Code   RO         1586    i.HAL_PCD_SetAddress  stm32f1xx_hal_pcd.o
    0x080009de   0x080009de   0x0000000e   Code   RO         2453    i.HAL_PCD_SetupStageCallback  usbd_conf.o
    0x080009ec   0x080009ec   0x00000032   Code   RO         1588    i.HAL_PCD_Start     stm32f1xx_hal_pcd.o
    0x08000a1e   0x08000a1e   0x00000002   PAD
    0x08000a20   0x08000a20   0x00000024   Code   RO         2454    i.HAL_PCD_SuspendCallback  usbd_conf.o
    0x08000a44   0x08000a44   0x0000012c   Code   RO          893    i.HAL_RCCEx_PeriphCLKConfig  stm32f1xx_hal_rcc_ex.o
    0x08000b70   0x08000b70   0x00000188   Code   RO         1428    i.HAL_RCC_ClockConfig  stm32f1xx_hal_rcc.o
    0x08000cf8   0x08000cf8   0x0000000c   Code   RO         1433    i.HAL_RCC_GetHCLKFreq  stm32f1xx_hal_rcc.o
    0x08000d04   0x08000d04   0x00000030   Code   RO         1435    i.HAL_RCC_GetPCLK1Freq  stm32f1xx_hal_rcc.o
    0x08000d34   0x08000d34   0x00000030   Code   RO         1436    i.HAL_RCC_GetPCLK2Freq  stm32f1xx_hal_rcc.o
    0x08000d64   0x08000d64   0x00000088   Code   RO         1437    i.HAL_RCC_GetSysClockFreq  stm32f1xx_hal_rcc.o
    0x08000dec   0x08000dec   0x0000057e   Code   RO         1440    i.HAL_RCC_OscConfig  stm32f1xx_hal_rcc.o
    0x0800136a   0x0800136a   0x00000002   PAD
    0x0800136c   0x0800136c   0x00000088   Code   RO         1260    i.HAL_SPI_Init      stm32f1xx_hal_spi_ex.o
    0x080013f4   0x080013f4   0x00000058   Code   RO         2013    i.HAL_SPI_MspInit   stm32f1xx_hal_msp.o
    0x0800144c   0x0800144c   0x000002b2   Code   RO          476    i.HAL_SPI_TransmitReceive  stm32f1xx_hal_spi.o
    0x080016fe   0x080016fe   0x00000018   Code   RO         1100    i.HAL_SYSTICK_CLKSourceConfig  stm32f1xx_hal_cortex.o
    0x08001716   0x08001716   0x00000002   Code   RO         1101    i.HAL_SYSTICK_Callback  stm32f1xx_hal_cortex.o
    0x08001718   0x08001718   0x00000028   Code   RO         1102    i.HAL_SYSTICK_Config  stm32f1xx_hal_cortex.o
    0x08001740   0x08001740   0x00000008   Code   RO         1103    i.HAL_SYSTICK_IRQHandler  stm32f1xx_hal_cortex.o
    0x08001748   0x08001748   0x00000002   Code   RO          234    i.HAL_UART_ErrorCallback  stm32f1xx_hal_uart.o
    0x0800174a   0x0800174a   0x00000002   PAD
    0x0800174c   0x0800174c   0x000000da   Code   RO          237    i.HAL_UART_IRQHandler  stm32f1xx_hal_uart.o
    0x08001826   0x08001826   0x0000005e   Code   RO          238    i.HAL_UART_Init     stm32f1xx_hal_uart.o
    0x08001884   0x08001884   0x00000068   Code   RO         2015    i.HAL_UART_MspInit  stm32f1xx_hal_msp.o
    0x080018ec   0x080018ec   0x0000006a   Code   RO          243    i.HAL_UART_Receive_IT  stm32f1xx_hal_uart.o
    0x08001956   0x08001956   0x00000002   Code   RO          244    i.HAL_UART_RxCpltCallback  stm32f1xx_hal_uart.o
    0x08001958   0x08001958   0x000000cc   Code   RO          246    i.HAL_UART_Transmit  stm32f1xx_hal_uart.o
    0x08001a24   0x08001a24   0x00000002   Code   RO          249    i.HAL_UART_TxCpltCallback  stm32f1xx_hal_uart.o
    0x08001a26   0x08001a26   0x00000002   Code   RO         2061    i.HardFault_Handler  stm32f1xx_it.o
    0x08001a28   0x08001a28   0x0000001a   Code   RO         2250    i.MFRC522_AntennaOn  rc522.o
    0x08001a42   0x08001a42   0x00000042   Code   RO         2251    i.MFRC522_Anticoll  rc522.o
    0x08001a84   0x08001a84   0x00000018   Code   RO         2255    i.MFRC522_ClearBitMask  rc522.o
    0x08001a9c   0x08001a9c   0x0000004e   Code   RO         2258    i.MFRC522_Init      rc522.o
    0x08001aea   0x08001aea   0x0000000e   Code   RO         2260    i.MFRC522_ReadRegister  rc522.o
    0x08001af8   0x08001af8   0x0000002e   Code   RO         2261    i.MFRC522_Request   rc522.o
    0x08001b26   0x08001b26   0x00000008   Code   RO         2262    i.MFRC522_Reset     rc522.o
    0x08001b2e   0x08001b2e   0x00000018   Code   RO         2264    i.MFRC522_SetBitMask  rc522.o
    0x08001b46   0x08001b46   0x00000114   Code   RO         2265    i.MFRC522_ToCard    rc522.o
    0x08001c5a   0x08001c5a   0x0000000a   Code   RO         2267    i.MFRC522_WriteRegister  rc522.o
    0x08001c64   0x08001c64   0x00000094   Code   RO         2148    i.MX_GPIO_Init      main.o
    0x08001cf8   0x08001cf8   0x00000040   Code   RO         2149    i.MX_SPI1_Init      main.o
    0x08001d38   0x08001d38   0x00000038   Code   RO         2390    i.MX_USB_DEVICE_Init  usb_device.o
    0x08001d70   0x08001d70   0x00000002   Code   RO         2062    i.MemManage_Handler  stm32f1xx_it.o
    0x08001d72   0x08001d72   0x00000002   Code   RO         2063    i.NMI_Handler       stm32f1xx_it.o
    0x08001d74   0x08001d74   0x00000020   Code   RO         1104    i.NVIC_SetPriority  stm32f1xx_hal_cortex.o
    0x08001d94   0x08001d94   0x00000362   Code   RO         1591    i.PCD_EP_ISR_Handler  stm32f1xx_hal_pcd.o
    0x080020f6   0x080020f6   0x00000002   Code   RO         2064    i.PendSV_Handler    stm32f1xx_it.o
    0x080020f8   0x080020f8   0x00000020   Code   RO         2268    i.SPI1SendByte      rc522.o
    0x08002118   0x08002118   0x00000030   Code   RO         2269    i.SPI1_ReadReg      rc522.o
    0x08002148   0x08002148   0x00000030   Code   RO         2270    i.SPI1_WriteReg     rc522.o
    0x08002178   0x08002178   0x0000009e   Code   RO          498    i.SPI_WaitOnFlagUntilTimeout  stm32f1xx_hal_spi.o
    0x08002216   0x08002216   0x00000002   Code   RO         2065    i.SVC_Handler       stm32f1xx_it.o
    0x08002218   0x08002218   0x0000000e   Code   RO         2066    i.SysTick_Handler   stm32f1xx_it.o
    0x08002226   0x08002226   0x00000076   Code   RO         2151    i.SystemClock_Config  main.o
    0x0800229c   0x0800229c   0x00000048   Code   RO         1967    i.SystemInit        system_stm32f1xx.o
    0x080022e4   0x080022e4   0x000000a8   Code   RO          256    i.UART_Receive_IT   stm32f1xx_hal_uart.o
    0x0800238c   0x0800238c   0x00000170   Code   RO          257    i.UART_SetConfig    stm32f1xx_hal_uart.o
    0x080024fc   0x080024fc   0x00000066   Code   RO          258    i.UART_Transmit_IT  stm32f1xx_hal_uart.o
    0x08002562   0x08002562   0x00000092   Code   RO          259    i.UART_WaitOnFlagUntilTimeout  stm32f1xx_hal_uart.o
    0x080025f4   0x080025f4   0x0000000c   Code   RO         2067    i.USART1_IRQHandler  stm32f1xx_it.o
    0x08002600   0x08002600   0x00000014   Code   RO         2768    i.USBD_CDC_DataIn   usbd_cdc.o
    0x08002614   0x08002614   0x0000002e   Code   RO         2769    i.USBD_CDC_DataOut  usbd_cdc.o
    0x08002642   0x08002642   0x0000003c   Code   RO         2770    i.USBD_CDC_DeInit   usbd_cdc.o
    0x0800267e   0x0800267e   0x00000024   Code   RO         2771    i.USBD_CDC_EP0_RxReady  usbd_cdc.o
    0x080026a2   0x080026a2   0x00000002   PAD
    0x080026a4   0x080026a4   0x0000000c   Code   RO         2772    i.USBD_CDC_GetDeviceQualifierDescriptor  usbd_cdc.o
    0x080026b0   0x080026b0   0x0000000c   Code   RO         2773    i.USBD_CDC_GetFSCfgDesc  usbd_cdc.o
    0x080026bc   0x080026bc   0x0000000c   Code   RO         2774    i.USBD_CDC_GetHSCfgDesc  usbd_cdc.o
    0x080026c8   0x080026c8   0x0000000c   Code   RO         2775    i.USBD_CDC_GetOtherSpeedCfgDesc  usbd_cdc.o
    0x080026d4   0x080026d4   0x00000088   Code   RO         2776    i.USBD_CDC_Init     usbd_cdc.o
    0x0800275c   0x0800275c   0x00000028   Code   RO         2777    i.USBD_CDC_ReceivePacket  usbd_cdc.o
    0x08002784   0x08002784   0x00000010   Code   RO         2778    i.USBD_CDC_RegisterInterface  usbd_cdc.o
    0x08002794   0x08002794   0x0000000c   Code   RO         2779    i.USBD_CDC_SetRxBuffer  usbd_cdc.o
    0x080027a0   0x080027a0   0x00000010   Code   RO         2780    i.USBD_CDC_SetTxBuffer  usbd_cdc.o
    0x080027b0   0x080027b0   0x00000070   Code   RO         2781    i.USBD_CDC_Setup    usbd_cdc.o
    0x08002820   0x08002820   0x00000030   Code   RO         2782    i.USBD_CDC_TransmitPacket  usbd_cdc.o
    0x08002850   0x08002850   0x0000000e   Code   RO         2999    i.USBD_ClrClassConfig  usbd_core.o
    0x0800285e   0x0800285e   0x00000010   Code   RO         2874    i.USBD_CtlContinueRx  usbd_ioreq.o
    0x0800286e   0x0800286e   0x00000010   Code   RO         2875    i.USBD_CtlContinueSendData  usbd_ioreq.o
    0x0800287e   0x0800287e   0x00000016   Code   RO         2934    i.USBD_CtlError     usbd_ctlreq.o
    0x08002894   0x08002894   0x0000001e   Code   RO         2876    i.USBD_CtlPrepareRx  usbd_ioreq.o
    0x080028b2   0x080028b2   0x00000016   Code   RO         2877    i.USBD_CtlReceiveStatus  usbd_ioreq.o
    0x080028c8   0x080028c8   0x0000001a   Code   RO         2878    i.USBD_CtlSendData  usbd_ioreq.o
    0x080028e2   0x080028e2   0x00000016   Code   RO         2879    i.USBD_CtlSendStatus  usbd_ioreq.o
    0x080028f8   0x080028f8   0x00000020   Code   RO         2700    i.USBD_FS_ConfigStrDescriptor  usbd_desc.o
    0x08002918   0x08002918   0x0000000c   Code   RO         2701    i.USBD_FS_DeviceDescriptor  usbd_desc.o
    0x08002924   0x08002924   0x00000024   Code   RO         2702    i.USBD_FS_InterfaceStrDescriptor  usbd_desc.o
    0x08002948   0x08002948   0x0000000c   Code   RO         2703    i.USBD_FS_LangIDStrDescriptor  usbd_desc.o
    0x08002954   0x08002954   0x00000028   Code   RO         2704    i.USBD_FS_ManufacturerStrDescriptor  usbd_desc.o
    0x0800297c   0x0800297c   0x0000002c   Code   RO         2705    i.USBD_FS_ProductStrDescriptor  usbd_desc.o
    0x080029a8   0x080029a8   0x00000024   Code   RO         2706    i.USBD_FS_SerialStrDescriptor  usbd_desc.o
    0x080029cc   0x080029cc   0x000000e0   Code   RO         2935    i.USBD_GetDescriptor  usbd_ctlreq.o
    0x08002aac   0x08002aac   0x00000046   Code   RO         2936    i.USBD_GetString    usbd_ctlreq.o
    0x08002af2   0x08002af2   0x0000002a   Code   RO         3001    i.USBD_Init         usbd_core.o
    0x08002b1c   0x08002b1c   0x0000000e   Code   RO         2455    i.USBD_LL_ClearStallEP  usbd_conf.o
    0x08002b2a   0x08002b2a   0x0000000e   Code   RO         2456    i.USBD_LL_CloseEP   usbd_conf.o
    0x08002b38   0x08002b38   0x000000aa   Code   RO         3002    i.USBD_LL_DataInStage  usbd_core.o
    0x08002be2   0x08002be2   0x0000006a   Code   RO         3003    i.USBD_LL_DataOutStage  usbd_core.o
    0x08002c4c   0x08002c4c   0x00000008   Code   RO         2460    i.USBD_LL_GetRxDataSize  usbd_conf.o
    0x08002c54   0x08002c54   0x00000084   Code   RO         2461    i.USBD_LL_Init      usbd_conf.o
    0x08002cd8   0x08002cd8   0x0000001c   Code   RO         2462    i.USBD_LL_IsStallEP  usbd_conf.o
    0x08002cf4   0x08002cf4   0x00000014   Code   RO         2463    i.USBD_LL_OpenEP    usbd_conf.o
    0x08002d08   0x08002d08   0x0000000e   Code   RO         2464    i.USBD_LL_PrepareReceive  usbd_conf.o
    0x08002d16   0x08002d16   0x0000003e   Code   RO         3008    i.USBD_LL_Reset     usbd_core.o
    0x08002d54   0x08002d54   0x0000000c   Code   RO         3009    i.USBD_LL_Resume    usbd_core.o
    0x08002d60   0x08002d60   0x00000018   Code   RO         3010    i.USBD_LL_SOF       usbd_core.o
    0x08002d78   0x08002d78   0x00000006   Code   RO         3011    i.USBD_LL_SetSpeed  usbd_core.o
    0x08002d7e   0x08002d7e   0x0000000e   Code   RO         2465    i.USBD_LL_SetUSBAddress  usbd_conf.o
    0x08002d8c   0x08002d8c   0x0000005a   Code   RO         3012    i.USBD_LL_SetupStage  usbd_core.o
    0x08002de6   0x08002de6   0x0000000e   Code   RO         2466    i.USBD_LL_StallEP   usbd_conf.o
    0x08002df4   0x08002df4   0x0000000e   Code   RO         2467    i.USBD_LL_Start     usbd_conf.o
    0x08002e02   0x08002e02   0x00000012   Code   RO         3013    i.USBD_LL_Suspend   usbd_core.o
    0x08002e14   0x08002e14   0x0000000e   Code   RO         2469    i.USBD_LL_Transmit  usbd_conf.o
    0x08002e22   0x08002e22   0x00000028   Code   RO         2937    i.USBD_ParseSetupRequest  usbd_ctlreq.o
    0x08002e4a   0x08002e4a   0x00000010   Code   RO         3014    i.USBD_RegisterClass  usbd_core.o
    0x08002e5a   0x08002e5a   0x00000016   Code   RO         3016    i.USBD_SetClassConfig  usbd_core.o
    0x08002e70   0x08002e70   0x00000074   Code   RO         2938    i.USBD_SetConfig    usbd_ctlreq.o
    0x08002ee4   0x08002ee4   0x0000000a   Code   RO         3017    i.USBD_Start        usbd_core.o
    0x08002eee   0x08002eee   0x000000f2   Code   RO         2939    i.USBD_StdDevReq    usbd_ctlreq.o
    0x08002fe0   0x08002fe0   0x000000dc   Code   RO         2940    i.USBD_StdEPReq     usbd_ctlreq.o
    0x080030bc   0x080030bc   0x00000034   Code   RO         2941    i.USBD_StdItfReq    usbd_ctlreq.o
    0x080030f0   0x080030f0   0x00000002   Code   RO         2470    i.USBD_static_free  usbd_conf.o
    0x080030f2   0x080030f2   0x00000002   PAD
    0x080030f4   0x080030f4   0x00000008   Code   RO         2471    i.USBD_static_malloc  usbd_conf.o
    0x080030fc   0x080030fc   0x0000025c   Code   RO         1774    i.USB_ActivateEndpoint  stm32f1xx_ll_usb.o
    0x08003358   0x08003358   0x00000004   Code   RO         1777    i.USB_CoreInit      stm32f1xx_ll_usb.o
    0x0800335c   0x0800335c   0x00000124   Code   RO         1779    i.USB_DeactivateEndpoint  stm32f1xx_ll_usb.o
    0x08003480   0x08003480   0x00000004   Code   RO         1780    i.USB_DevConnect    stm32f1xx_ll_usb.o
    0x08003484   0x08003484   0x00000004   Code   RO         1781    i.USB_DevDisconnect  stm32f1xx_ll_usb.o
    0x08003488   0x08003488   0x00000012   Code   RO         1782    i.USB_DevInit       stm32f1xx_ll_usb.o
    0x0800349a   0x0800349a   0x0000000e   Code   RO         1783    i.USB_DisableGlobalInt  stm32f1xx_ll_usb.o
    0x080034a8   0x080034a8   0x00000004   Code   RO         1784    i.USB_EP0_OutStart  stm32f1xx_ll_usb.o
    0x080034ac   0x080034ac   0x0000006a   Code   RO         1785    i.USB_EPClearStall  stm32f1xx_ll_usb.o
    0x08003516   0x08003516   0x0000004a   Code   RO         1786    i.USB_EPSetStall    stm32f1xx_ll_usb.o
    0x08003560   0x08003560   0x000001aa   Code   RO         1787    i.USB_EPStartXfer   stm32f1xx_ll_usb.o
    0x0800370a   0x0800370a   0x0000000e   Code   RO         1788    i.USB_EnableGlobalInt  stm32f1xx_ll_usb.o
    0x08003718   0x08003718   0x0000000c   Code   RO         2068    i.USB_LP_CAN1_RX0_IRQHandler  stm32f1xx_it.o
    0x08003724   0x08003724   0x00000006   Code   RO         1795    i.USB_ReadInterrupts  stm32f1xx_ll_usb.o
    0x0800372a   0x0800372a   0x00000002   PAD
    0x0800372c   0x0800372c   0x0000001e   Code   RO         1796    i.USB_ReadPMA       stm32f1xx_ll_usb.o
    0x0800374a   0x0800374a   0x00000004   Code   RO         1798    i.USB_SetCurrentMode  stm32f1xx_ll_usb.o
    0x0800374e   0x0800374e   0x0000000c   Code   RO         1799    i.USB_SetDevAddress  stm32f1xx_ll_usb.o
    0x0800375a   0x0800375a   0x00000026   Code   RO         1801    i.USB_WritePMA      stm32f1xx_ll_usb.o
    0x08003780   0x08003780   0x00000002   Code   RO         2069    i.UsageFault_Handler  stm32f1xx_it.o
    0x08003782   0x08003782   0x0000000e   Code   RO         3161    i.__scatterload_copy  mc_w.l(handlers.o)
    0x08003790   0x08003790   0x00000002   Code   RO         3162    i.__scatterload_null  mc_w.l(handlers.o)
    0x08003792   0x08003792   0x0000000e   Code   RO         3163    i.__scatterload_zeroinit  mc_w.l(handlers.o)
    0x080037a0   0x080037a0   0x00000040   Code   RO         2153    i.char_to_hex       main.o
    0x080037e0   0x080037e0   0x00000040   Code   RO         2155    i.led               main.o
    0x08003820   0x08003820   0x0000028c   Code   RO         2156    i.main              main.o
    0x08003aac   0x08003aac   0x00000010   Data   RO         1968    .constdata          system_stm32f1xx.o
    0x08003abc   0x08003abc   0x00000008   Data   RO         1969    .constdata          system_stm32f1xx.o
    0x08003ac4   0x08003ac4   0x00000020   Data   RO         3159    Region$$Table       anon$$obj.o


    Execution Region RW_IRAM1 (Exec base: 0x20000000, Load base: 0x08003ae4, Size: 0x000010f8, Max: 0x00005000, ABSOLUTE, COMPRESSED[0x00000110])

    Exec Addr    Load Addr    Size         Type   Attr      Idx    E Section Name        Object

    0x20000000   COMPRESSED   0x00000001   Data   RW         1262    .data               stm32f1xx_hal_spi_ex.o
    0x20000001   COMPRESSED   0x00000003   PAD
    0x20000004   COMPRESSED   0x00000004   Data   RW         1312    .data               stm32f1xx_hal.o
    0x20000008   COMPRESSED   0x00000004   Data   RW         1970    .data               system_stm32f1xx.o
    0x2000000c   COMPRESSED   0x0000006c   Data   RW         2158    .data               main.o
    0x20000078   COMPRESSED   0x00000010   Data   RW         2653    .data               usbd_cdc_if.o
    0x20000088   COMPRESSED   0x00000008   Data   RW         2654    .data               usbd_cdc_if.o
    0x20000090   COMPRESSED   0x0000001c   Data   RW         2708    .data               usbd_desc.o
    0x200000ac   COMPRESSED   0x00000016   Data   RW         2709    .data               usbd_desc.o
    0x200000c2   COMPRESSED   0x00000002   PAD
    0x200000c4   COMPRESSED   0x000000db   Data   RW         2783    .data               usbd_cdc.o
    0x2000019f   COMPRESSED   0x00000001   PAD
    0x200001a0   COMPRESSED   0x00000038   Data   RW         2784    .data               usbd_cdc.o
    0x200001d8   COMPRESSED   0x00000001   Data   RW         2942    .data               usbd_ctlreq.o
    0x200001d9   COMPRESSED   0x00000003   PAD
    0x200001dc        -       0x000000b2   Zero   RW         2157    .bss                main.o
    0x2000028e   COMPRESSED   0x00000002   PAD
    0x20000290        -       0x00000224   Zero   RW         2391    .bss                usb_device.o
    0x200004b4        -       0x00000640   Zero   RW         2472    .bss                usbd_conf.o
    0x20000af4        -       0x00000200   Zero   RW         2707    .bss                usbd_desc.o
    0x20000cf4   COMPRESSED   0x00000004   PAD
    0x20000cf8        -       0x00000400   Zero   RW         2001    STACK               startup_stm32f103xb.o


==============================================================================

Image component sizes


      Code (inc. data)   RO Data    RW Data    ZI Data      Debug   Object Name

      1112         62          0        108        178      10524   main.o
       700         12          0          0          0       9113   rc522.o
        36          8        236          0       1024        820   startup_stm32f103xb.o
       120         16          0          4          0       4106   stm32f1xx_hal.o
       228         14          0          0          0      28057   stm32f1xx_hal_cortex.o
       464         36          0          0          0       3971   stm32f1xx_hal_gpio.o
       320         36          0          0          0       2439   stm32f1xx_hal_msp.o
      1846          0          0          0          0      11189   stm32f1xx_hal_pcd.o
        52          0          0          0          0       1318   stm32f1xx_hal_pcd_ex.o
         0          0          0          0          0     443508   stm32f1xx_hal_pwr.o
      2042         98          0          0          0       6332   stm32f1xx_hal_rcc.o
       300         12          0          0          0       1464   stm32f1xx_hal_rcc_ex.o
       848          0          0          0          0       3166   stm32f1xx_hal_spi.o
       136          4          0          1          0       1570   stm32f1xx_hal_spi_ex.o
      1412          4          0          0          0       9569   stm32f1xx_hal_uart.o
        54         12          0          0          0       5491   stm32f1xx_it.o
      1654          0          0          0          0      13859   stm32f1xx_ll_usb.o
        72         16         24          4          0       1607   system_stm32f1xx.o
        56         18          0          0        548       2607   usb_device.o
       590         22          0        275          0      13950   usbd_cdc.o
       112         20          0         24          0       3652   usbd_cdc_if.o
       480         28          0          0       1600      14137   usbd_conf.o
       592          0          0          0          0      10164   usbd_core.o
       986         30          0          1          0       8388   usbd_ctlreq.o
       212        116          0         50        512       5563   usbd_desc.o
       132          0          0          0          0       4828   usbd_ioreq.o

    ----------------------------------------------------------------------
     14576        564        292        476       3868     621392   Object Totals
         0          0         32          0          0          0   (incl. Generated)
        20          0          0          9          6          0   (incl. Padding)

    ----------------------------------------------------------------------

      Code (inc. data)   RO Data    RW Data    ZI Data      Debug   Library Member Name

        86          0          0          0          0          0   __dczerorl2.o
         0          0          0          0          0          0   entry.o
         0          0          0          0          0          0   entry10a.o
         0          0          0          0          0          0   entry11a.o
         8          4          0          0          0          0   entry2.o
         4          0          0          0          0          0   entry5.o
         0          0          0          0          0          0   entry7b.o
         0          0          0          0          0          0   entry8b.o
         8          4          0          0          0          0   entry9a.o
        30          0          0          0          0          0   handlers.o
        36          8          0          0          0         68   init.o
        36          0          0          0          0         68   memcpya.o

    ----------------------------------------------------------------------
       208         16          0          0          0        136   Library Totals
         0          0          0          0          0          0   (incl. Padding)

    ----------------------------------------------------------------------

      Code (inc. data)   RO Data    RW Data    ZI Data      Debug   Library Name

       208         16          0          0          0        136   mc_w.l

    ----------------------------------------------------------------------
       208         16          0          0          0        136   Library Totals

    ----------------------------------------------------------------------

==============================================================================


      Code (inc. data)   RO Data    RW Data    ZI Data      Debug   

     14784        580        292        476       3868     612712   Grand Totals
     14784        580        292        272       3868     612712   ELF Image Totals (compressed)
     14784        580        292        272          0          0   ROM Totals

==============================================================================

    Total RO  Size (Code + RO Data)                15076 (  14.72kB)
    Total RW  Size (RW Data + ZI Data)              4344 (   4.24kB)
    Total ROM Size (Code + RO Data + RW Data)      15348 (  14.99kB)

==============================================================================

